n=8 s=1 T=   1 faithful   C_far=0.343 CJ2=0.424 dH= 3.12 acc=1.000 id=0.27
n=8 s=1 T=   1 theta=0.5  C_far=0.342 CJ2=0.444 dH= 3.03 acc=0.948 id=0.27
n=8 s=1 T=   1 theta=1.0  C_far=0.205 CJ2=0.372 dH= 2.04 acc=0.385 id=0.27
n=8 s=1 T=   1 theta=1.5  C_far=0.000 CJ2=0.199 dH= 1.37 acc=0.293 id=0.27
n=8 s=1 T=   1 theta=2.0  C_far=0.000 CJ2=0.200 dH= 1.36 acc=0.292 id=0.27
n=8 s=1 T=   1 cap=2      C_far=0.000 CJ2=0.122 dH= 1.78 acc=0.321 id=0.27
n=8 s=1 T=   1 cap=3      C_far=0.216 CJ2=0.296 dH= 2.47 acc=0.470 id=0.27
n=8 s=1 T=   1 cap=5      C_far=0.342 CJ2=0.423 dH= 3.11 acc=0.995 id=0.27
n=8 s=1 T= 0.3 faithful   C_far=0.488 CJ2=0.491 dH= 3.97 acc=1.000 id=0.51
n=8 s=1 T= 0.3 theta=0.5  C_far=0.488 CJ2=0.491 dH= 3.97 acc=0.999 id=0.51
n=8 s=1 T= 0.3 theta=1.0  C_far=0.189 CJ2=0.257 dH= 2.48 acc=0.012 id=0.51
n=8 s=1 T= 0.3 theta=1.5  C_far=0.000 CJ2=0.068 dH= 1.49 acc=0.008 id=0.51
n=8 s=1 T= 0.3 theta=2.0  C_far=0.000 CJ2=0.068 dH= 1.49 acc=0.008 id=0.51
n=8 s=1 T= 0.3 cap=2      C_far=0.000 CJ2=0.004 dH= 1.99 acc=0.008 id=0.51
n=8 s=1 T= 0.3 cap=3      C_far=0.189 CJ2=0.192 dH= 2.98 acc=0.012 id=0.51
n=8 s=1 T= 0.3 cap=5      C_far=0.488 CJ2=0.491 dH= 3.97 acc=1.000 id=0.51
n=8 s=1 T= 0.1 faithful   C_far=0.484 CJ2=0.484 dH= 4.00 acc=1.000 id=0.52
n=8 s=1 T= 0.1 theta=0.5  C_far=0.484 CJ2=0.484 dH= 4.00 acc=1.000 id=0.52
n=8 s=1 T= 0.1 theta=1.0  C_far=0.180 CJ2=0.243 dH= 2.50 acc=0.000 id=0.52
n=8 s=1 T= 0.1 theta=1.5  C_far=0.000 CJ2=0.062 dH= 1.50 acc=0.000 id=0.52
n=8 s=1 T= 0.1 theta=2.0  C_far=0.000 CJ2=0.062 dH= 1.50 acc=0.000 id=0.52
n=8 s=1 T= 0.1 cap=2      C_far=0.000 CJ2=0.000 dH= 2.00 acc=0.000 id=0.52
n=8 s=1 T= 0.1 cap=3      C_far=0.180 CJ2=0.180 dH= 3.00 acc=0.000 id=0.52
n=8 s=1 T= 0.1 cap=5      C_far=0.484 CJ2=0.484 dH= 4.00 acc=1.000 id=0.52
n=8 s=2 T=   1 faithful   C_far=0.009 CJ2=0.028 dH= 1.65 acc=1.000 id=0.61
n=8 s=2 T=   1 theta=0.5  C_far=0.008 CJ2=0.027 dH= 1.63 acc=0.993 id=0.61
n=8 s=2 T=   1 theta=1.0  C_far=0.001 CJ2=0.066 dH= 1.15 acc=0.658 id=0.61
n=8 s=2 T=   1 theta=1.5  C_far=0.001 CJ2=0.066 dH= 1.15 acc=0.658 id=0.61
n=8 s=2 T=   1 theta=2.0  C_far=0.000 CJ2=0.068 dH= 1.03 acc=0.634 id=0.61
n=8 s=2 T=   1 cap=2      C_far=0.000 CJ2=0.039 dH= 1.41 acc=0.859 id=0.61
n=8 s=2 T=   1 cap=3      C_far=0.009 CJ2=0.028 dH= 1.56 acc=0.938 id=0.61
n=8 s=2 T=   1 cap=5      C_far=0.009 CJ2=0.028 dH= 1.65 acc=0.995 id=0.61
n=8 s=2 T= 0.3 faithful   C_far=0.000 CJ2=0.000 dH= 1.25 acc=1.000 id=1.00
n=8 s=2 T= 0.3 theta=0.5  C_far=0.000 CJ2=0.000 dH= 1.25 acc=1.000 id=1.00
n=8 s=2 T= 0.3 theta=1.0  C_far=0.000 CJ2=0.000 dH= 1.00 acc=0.750 id=1.00
n=8 s=2 T= 0.3 theta=1.5  C_far=0.000 CJ2=0.000 dH= 1.00 acc=0.750 id=1.00
n=8 s=2 T= 0.3 theta=2.0  C_far=0.000 CJ2=0.000 dH= 1.00 acc=0.750 id=1.00
n=8 s=2 T= 0.3 cap=2      C_far=0.000 CJ2=0.000 dH= 1.25 acc=1.000 id=1.00
n=8 s=2 T= 0.3 cap=3      C_far=0.000 CJ2=0.000 dH= 1.25 acc=1.000 id=1.00
n=8 s=2 T= 0.3 cap=5      C_far=0.000 CJ2=0.000 dH= 1.25 acc=1.000 id=1.00
n=8 s=2 T= 0.1 faithful   C_far=0.000 CJ2=0.000 dH= 0.00 acc=0.000 id=1.00
n=8 s=2 T= 0.1 theta=0.5  C_far=0.000 CJ2=0.000 dH= 0.00 acc=0.000 id=1.00
n=8 s=2 T= 0.1 theta=1.0  C_far=0.000 CJ2=0.000 dH= 0.00 acc=0.000 id=1.00
n=8 s=2 T= 0.1 theta=1.5  C_far=0.000 CJ2=0.000 dH= 0.00 acc=0.000 id=1.00
n=8 s=2 T= 0.1 theta=2.0  C_far=0.000 CJ2=0.000 dH= 0.00 acc=0.000 id=1.00
n=8 s=2 T= 0.1 cap=2      C_far=0.000 CJ2=0.000 dH= 0.00 acc=0.000 id=1.00
n=8 s=2 T= 0.1 cap=3      C_far=0.000 CJ2=0.000 dH= 0.00 acc=0.000 id=1.00
n=8 s=2 T= 0.1 cap=5      C_far=0.000 CJ2=0.000 dH= 0.00 acc=0.000 id=1.00
n=8 s=3 T=   1 faithful   C_far=0.297 CJ2=0.468 dH= 2.70 acc=1.000 id=0.31
n=8 s=3 T=   1 theta=0.5  C_far=0.294 CJ2=0.477 dH= 2.64 acc=0.977 id=0.31
n=8 s=3 T=   1 theta=1.0  C_far=0.293 CJ2=0.489 dH= 2.35 acc=0.849 id=0.31
n=8 s=3 T=   1 theta=1.5  C_far=0.292 CJ2=0.489 dH= 2.35 acc=0.849 id=0.31
n=8 s=3 T=   1 theta=2.0  C_far=0.012 CJ2=0.231 dH= 1.23 acc=0.257 id=0.31
n=8 s=3 T=   1 cap=2      C_far=0.000 CJ2=0.279 dH= 1.79 acc=0.460 id=0.31
n=8 s=3 T=   1 cap=3      C_far=0.291 CJ2=0.462 dH= 2.35 acc=0.864 id=0.31
n=8 s=3 T=   1 cap=5      C_far=0.301 CJ2=0.471 dH= 2.59 acc=0.940 id=0.31
n=8 s=3 T= 0.3 faithful   C_far=0.210 CJ2=0.219 dH= 2.95 acc=1.000 id=0.78
n=8 s=3 T= 0.3 theta=0.5  C_far=0.210 CJ2=0.219 dH= 2.95 acc=1.000 id=0.78
n=8 s=3 T= 0.3 theta=1.0  C_far=0.210 CJ2=0.219 dH= 2.95 acc=0.999 id=0.78
n=8 s=3 T= 0.3 theta=1.5  C_far=0.210 CJ2=0.219 dH= 2.95 acc=0.999 id=0.78
n=8 s=3 T= 0.3 theta=2.0  C_far=0.000 CJ2=0.071 dH= 1.00 acc=0.008 id=0.78
n=8 s=3 T= 0.3 cap=2      C_far=0.000 CJ2=0.078 dH= 1.99 acc=0.045 id=0.78
n=8 s=3 T= 0.3 cap=3      C_far=0.210 CJ2=0.219 dH= 2.95 acc=0.999 id=0.78
n=8 s=3 T= 0.3 cap=5      C_far=0.210 CJ2=0.219 dH= 2.95 acc=1.000 id=0.78
n=8 s=3 T= 0.1 faithful   C_far=0.005 CJ2=0.005 dH= 3.00 acc=1.000 id=0.99
n=8 s=3 T= 0.1 theta=0.5  C_far=0.005 CJ2=0.005 dH= 3.00 acc=1.000 id=0.99
n=8 s=3 T= 0.1 theta=1.0  C_far=0.005 CJ2=0.005 dH= 3.00 acc=1.000 id=0.99
n=8 s=3 T= 0.1 theta=1.5  C_far=0.005 CJ2=0.005 dH= 3.00 acc=1.000 id=0.99
n=8 s=3 T= 0.1 theta=2.0  C_far=0.000 CJ2=0.002 dH= 1.00 acc=0.000 id=0.99
n=8 s=3 T= 0.1 cap=2      C_far=0.000 CJ2=0.002 dH= 2.00 acc=0.000 id=0.99
n=8 s=3 T= 0.1 cap=3      C_far=0.005 CJ2=0.005 dH= 3.00 acc=1.000 id=0.99
n=8 s=3 T= 0.1 cap=5      C_far=0.005 CJ2=0.005 dH= 3.00 acc=1.000 id=0.99
n=10 s=1 T=   1 faithful   C_far=0.472 CJ2=0.584 dH= 5.30 acc=1.000 id=0.17
n=10 s=1 T=   1 theta=0.5  C_far=0.473 CJ2=0.591 dH= 5.26 acc=0.980 id=0.17
n=10 s=1 T=   1 theta=1.0  C_far=0.118 CJ2=0.256 dH= 2.96 acc=0.289 id=0.17
n=10 s=1 T=   1 theta=1.5  C_far=0.101 CJ2=0.272 dH= 1.55 acc=0.260 id=0.17
n=10 s=1 T=   1 theta=2.0  C_far=0.101 CJ2=0.272 dH= 1.53 acc=0.256 id=0.17
n=10 s=1 T=   1 cap=2      C_far=0.000 CJ2=0.150 dH= 1.88 acc=0.209 id=0.17
n=10 s=1 T=   1 cap=3      C_far=0.165 CJ2=0.276 dH= 2.68 acc=0.379 id=0.17
n=10 s=1 T=   1 cap=5      C_far=0.162 CJ2=0.273 dH= 3.93 acc=0.500 id=0.17
n=10 s=1 T= 0.3 faithful   C_far=0.483 CJ2=0.500 dH= 6.81 acc=1.000 id=0.50
n=10 s=1 T= 0.3 theta=0.5  C_far=0.483 CJ2=0.500 dH= 6.81 acc=1.000 id=0.50
n=10 s=1 T= 0.3 theta=1.0  C_far=0.016 CJ2=0.032 dH= 2.84 acc=0.055 id=0.50
n=10 s=1 T= 0.3 theta=1.5  C_far=0.016 CJ2=0.066 dH= 1.13 acc=0.055 id=0.50
n=10 s=1 T= 0.3 theta=2.0  C_far=0.016 CJ2=0.066 dH= 1.13 acc=0.055 id=0.50
n=10 s=1 T= 0.3 cap=2      C_far=0.000 CJ2=0.017 dH= 1.98 acc=0.034 id=0.50
n=10 s=1 T= 0.3 cap=3      C_far=0.025 CJ2=0.042 dH= 2.94 acc=0.069 id=0.50
n=10 s=1 T= 0.3 cap=5      C_far=0.020 CJ2=0.037 dH= 4.81 acc=0.073 id=0.50
n=10 s=1 T= 0.1 faithful   C_far=0.275 CJ2=0.275 dH= 7.00 acc=1.000 id=0.72
n=10 s=1 T= 0.1 theta=0.5  C_far=0.275 CJ2=0.275 dH= 7.00 acc=1.000 id=0.72
n=10 s=1 T= 0.1 theta=1.0  C_far=0.000 CJ2=0.000 dH= 2.69 acc=0.000 id=0.72
n=10 s=1 T= 0.1 theta=1.5  C_far=0.000 CJ2=0.019 dH= 1.00 acc=0.000 id=0.72
n=10 s=1 T= 0.1 theta=2.0  C_far=0.000 CJ2=0.019 dH= 1.00 acc=0.000 id=0.72
n=10 s=1 T= 0.1 cap=2      C_far=0.000 CJ2=0.000 dH= 2.00 acc=0.000 id=0.72
n=10 s=1 T= 0.1 cap=3      C_far=0.000 CJ2=0.000 dH= 3.00 acc=0.000 id=0.72
n=10 s=1 T= 0.1 cap=5      C_far=0.000 CJ2=0.000 dH= 5.00 acc=0.000 id=0.72
n=10 s=2 T=   1 faithful   C_far=0.031 CJ2=0.416 dH= 1.75 acc=1.000 id=0.29
n=10 s=2 T=   1 theta=0.5  C_far=0.028 CJ2=0.431 dH= 1.70 acc=0.973 id=0.29
n=10 s=2 T=   1 theta=1.0  C_far=0.008 CJ2=0.487 dH= 1.34 acc=0.753 id=0.29
n=10 s=2 T=   1 theta=1.5  C_far=0.000 CJ2=0.516 dH= 1.13 acc=0.652 id=0.29
n=10 s=2 T=   1 theta=2.0  C_far=0.000 CJ2=0.495 dH= 1.00 acc=0.591 id=0.29
n=10 s=2 T=   1 cap=2      C_far=0.000 CJ2=0.424 dH= 1.46 acc=0.817 id=0.29
n=10 s=2 T=   1 cap=3      C_far=0.025 CJ2=0.409 dH= 1.66 acc=0.933 id=0.29
n=10 s=2 T=   1 cap=5      C_far=0.031 CJ2=0.415 dH= 1.75 acc=0.997 id=0.29
n=10 s=2 T= 0.3 faithful   C_far=0.000 CJ2=0.241 dH= 1.01 acc=1.000 id=0.76
n=10 s=2 T= 0.3 theta=0.5  C_far=0.000 CJ2=0.241 dH= 1.01 acc=1.000 id=0.76
n=10 s=2 T= 0.3 theta=1.0  C_far=0.000 CJ2=0.241 dH= 1.00 acc=0.998 id=0.76
n=10 s=2 T= 0.3 theta=1.5  C_far=0.000 CJ2=0.242 dH= 1.00 acc=0.997 id=0.76
n=10 s=2 T= 0.3 theta=2.0  C_far=0.000 CJ2=0.242 dH= 1.00 acc=0.995 id=0.76
n=10 s=2 T= 0.3 cap=2      C_far=0.000 CJ2=0.241 dH= 1.00 acc=0.999 id=0.76
n=10 s=2 T= 0.3 cap=3      C_far=0.000 CJ2=0.241 dH= 1.01 acc=1.000 id=0.76
n=10 s=2 T= 0.3 cap=5      C_far=0.000 CJ2=0.241 dH= 1.01 acc=1.000 id=0.76
n=10 s=2 T= 0.1 faithful   C_far=0.000 CJ2=0.008 dH= 1.00 acc=1.000 id=0.99
n=10 s=2 T= 0.1 theta=0.5  C_far=0.000 CJ2=0.008 dH= 1.00 acc=1.000 id=0.99
n=10 s=2 T= 0.1 theta=1.0  C_far=0.000 CJ2=0.008 dH= 1.00 acc=1.000 id=0.99
n=10 s=2 T= 0.1 theta=1.5  C_far=0.000 CJ2=0.008 dH= 1.00 acc=1.000 id=0.99
n=10 s=2 T= 0.1 theta=2.0  C_far=0.000 CJ2=0.008 dH= 1.00 acc=1.000 id=0.99
n=10 s=2 T= 0.1 cap=2      C_far=0.000 CJ2=0.008 dH= 1.00 acc=1.000 id=0.99
n=10 s=2 T= 0.1 cap=3      C_far=0.000 CJ2=0.008 dH= 1.00 acc=1.000 id=0.99
n=10 s=2 T= 0.1 cap=5      C_far=0.000 CJ2=0.008 dH= 1.00 acc=1.000 id=0.99
n=10 s=3 T=   1 faithful   C_far=0.006 CJ2=0.366 dH= 1.26 acc=1.000 id=0.35
n=10 s=3 T=   1 theta=0.5  C_far=0.000 CJ2=0.427 dH= 1.02 acc=0.923 id=0.35
n=10 s=3 T=   1 theta=1.0  C_far=0.000 CJ2=0.425 dH= 1.02 acc=0.918 id=0.35
n=10 s=3 T=   1 theta=1.5  C_far=0.000 CJ2=0.426 dH= 1.01 acc=0.916 id=0.35
n=10 s=3 T=   1 theta=2.0  C_far=0.000 CJ2=0.426 dH= 1.00 acc=0.916 id=0.35
n=10 s=3 T=   1 cap=2      C_far=0.000 CJ2=0.363 dH= 1.24 acc=0.990 id=0.35
n=10 s=3 T=   1 cap=3      C_far=0.006 CJ2=0.366 dH= 1.25 acc=0.998 id=0.35
n=10 s=3 T=   1 cap=5      C_far=0.006 CJ2=0.366 dH= 1.26 acc=0.998 id=0.35
n=10 s=3 T= 0.3 faithful   C_far=0.000 CJ2=0.501 dH= 1.00 acc=1.000 id=0.50
n=10 s=3 T= 0.3 theta=0.5  C_far=0.000 CJ2=0.501 dH= 1.00 acc=0.999 id=0.50
n=10 s=3 T= 0.3 theta=1.0  C_far=0.000 CJ2=0.501 dH= 1.00 acc=0.999 id=0.50
n=10 s=3 T= 0.3 theta=1.5  C_far=0.000 CJ2=0.501 dH= 1.00 acc=0.999 id=0.50
n=10 s=3 T= 0.3 theta=2.0  C_far=0.000 CJ2=0.501 dH= 1.00 acc=0.999 id=0.50
n=10 s=3 T= 0.3 cap=2      C_far=0.000 CJ2=0.501 dH= 1.00 acc=1.000 id=0.50
n=10 s=3 T= 0.3 cap=3      C_far=0.000 CJ2=0.501 dH= 1.00 acc=1.000 id=0.50
n=10 s=3 T= 0.3 cap=5      C_far=0.000 CJ2=0.501 dH= 1.00 acc=1.000 id=0.50
n=10 s=3 T= 0.1 faithful   C_far=0.000 CJ2=0.471 dH= 1.00 acc=1.000 id=0.53
n=10 s=3 T= 0.1 theta=0.5  C_far=0.000 CJ2=0.471 dH= 1.00 acc=1.000 id=0.53
n=10 s=3 T= 0.1 theta=1.0  C_far=0.000 CJ2=0.471 dH= 1.00 acc=1.000 id=0.53
n=10 s=3 T= 0.1 theta=1.5  C_far=0.000 CJ2=0.471 dH= 1.00 acc=1.000 id=0.53
n=10 s=3 T= 0.1 theta=2.0  C_far=0.000 CJ2=0.471 dH= 1.00 acc=1.000 id=0.53
n=10 s=3 T= 0.1 cap=2      C_far=0.000 CJ2=0.471 dH= 1.00 acc=1.000 id=0.53
n=10 s=3 T= 0.1 cap=3      C_far=0.000 CJ2=0.471 dH= 1.00 acc=1.000 id=0.53
n=10 s=3 T= 0.1 cap=5      C_far=0.000 CJ2=0.471 dH= 1.00 acc=1.000 id=0.53
wrote 144 rows -> m02a_icm_cfar.csv
