n=10 T=0.1 steps=50000 chains=4
arm                            seed   acc Rhat_E    tauE ev/step ESS_E/eval ESS_E/sec   |dM|
single-flip                       1  0.00   3.13    21.9     1.0   4.58e-02   8.3e+02  0.053
uniform                           1  0.00   1.01   372.6     1.0   2.68e-03   4.4e+01  0.022
add-delete-swap                   1  0.00   3.03    21.0     1.0   4.76e-02   3.6e+02  0.253
demon(L=4,Td=8)                   1  0.95   2.20    89.0     5.0   2.25e-03   1.2e+02  0.203
quench(exact Q)                   1  0.14   1.00    33.3     1.0   3.00e-02   4.7e+02  0.002
mtm(K=8,greedy)                   1  0.00   1.00   116.6    15.0   5.72e-04   1.6e+01  0.005
mtm(K=8,shell3,a=1)               1  0.00   1.00    96.9    15.0   6.88e-04   1.9e+01  0.013
mtm(K=8,shell3,a=.5)              1  0.00   1.00   174.8    15.0   3.81e-04   1.0e+01  0.006
mtm(K=4,shell3,a=.5)              1  0.00   1.01   420.9     7.0   3.39e-04   6.3e+00  0.004
mtm(K=8,shell3,a=.5,w<=5)         1  0.00   1.69    40.9    15.0   1.63e-03   4.3e+01  0.203
single-flip                       2  0.00   2.46  1634.7     1.0   6.12e-04   1.2e+01  0.000
uniform                           2  0.00   1.00   411.9     1.0   2.43e-03   4.1e+01  0.001
add-delete-swap                   2  0.00   6.42    36.1     1.0   2.77e-02   2.0e+02  0.102
demon(L=4,Td=8)                   2  0.76   1.01   190.2     5.0   1.05e-03   4.0e+01  0.002
quench(exact Q)                   2  0.09   1.00    16.0     1.0   6.25e-02   8.0e+02  0.000
mtm(K=8,greedy)                   2  0.00   1.00    11.3    15.0   5.91e-03   1.6e+02  0.000
mtm(K=8,shell3,a=1)               2  0.00   1.00    24.1    15.0   2.77e-03   7.5e+01  0.000
mtm(K=8,shell3,a=.5)              2  0.00   1.00    18.3    15.0   3.64e-03   9.8e+01  0.000
mtm(K=4,shell3,a=.5)              2  0.00   1.00    41.0     7.0   3.48e-03   6.8e+01  0.000
mtm(K=8,shell3,a=.5,w<=5)         2  0.00   1.00     9.1    15.0   7.36e-03   2.0e+02  0.000
single-flip                       3  0.04  14.69    15.2     1.0   6.57e-02   1.3e+03  0.238
uniform                           3  0.00   1.02   451.0     1.0   2.22e-03   3.8e+01  0.002
add-delete-swap                   3  0.02   8.04    76.0     1.0   1.32e-02   8.5e+01  0.237
demon(L=4,Td=8)                   3  0.85  37.19     5.3     5.0   3.78e-02   1.4e+03  0.238
