n=10 T=0.3 steps=50000 chains=4
arm                            seed   acc Rhat_E    tauE ev/step ESS_E/eval ESS_E/sec   |dM|
single-flip                       1  0.00   2.96    19.3     1.0   5.18e-02   9.9e+02  0.067
uniform                           1  0.00   1.01   611.2     1.0   1.64e-03   2.7e+01  0.043
add-delete-swap                   1  0.00   2.78    44.8     1.0   2.23e-02   1.7e+02  0.067
demon(L=4,Td=8)                   1  0.73   2.45    24.9     5.0   8.04e-03   4.5e+02  0.182
quench(exact Q)                   1  0.17   1.00    33.3     1.0   3.00e-02   4.5e+02  0.003
mtm(K=8,greedy)                   1  0.03   1.00    20.3    15.0   3.28e-03   9.1e+01  0.001
mtm(K=8,shell3,a=1)               1  0.03   1.00    35.8    15.0   1.86e-03   5.1e+01  0.004
mtm(K=8,shell3,a=.5)              1  0.03   1.00    22.8    15.0   2.93e-03   8.1e+01  0.005
mtm(K=4,shell3,a=.5)              1  0.02   1.00    33.1     7.0   4.31e-03   8.7e+01  0.009
mtm(K=8,shell3,a=.5,w<=5)         1  0.00   1.03   314.3    15.0   2.12e-04   5.9e+00  0.019
single-flip                       2  0.03   1.00   115.2     1.0   8.68e-03   1.6e+02  0.000
uniform                           2  0.00   1.02   566.9     1.0   1.76e-03   3.0e+01  0.002
add-delete-swap                   2  0.02   2.89  1619.2     1.0   6.18e-04   4.7e+00  0.066
demon(L=4,Td=8)                   2  0.55   1.00    72.9     5.0   2.74e-03   1.4e+02  0.001
quench(exact Q)                   2  0.12   1.00    19.9     1.0   5.02e-02   5.8e+02  0.000
mtm(K=8,greedy)                   2  0.02   1.00    18.1    15.0   3.69e-03   9.9e+01  0.000
mtm(K=8,shell3,a=1)               2  0.02   1.00    35.8    15.0   1.86e-03   5.3e+01  0.000
mtm(K=8,shell3,a=.5)              2  0.02   1.00    20.2    15.0   3.31e-03   9.1e+01  0.000
mtm(K=4,shell3,a=.5)              2  0.01   1.00    44.0     7.0   3.25e-03   6.4e+01  0.002
mtm(K=8,shell3,a=.5,w<=5)         2  0.04   1.00     9.8    15.0   6.77e-03   1.8e+02  0.001
single-flip                       3  0.05  12.84    16.6     1.0   6.03e-02   1.2e+03  0.239
uniform                           3  0.00   1.01   341.2     1.0   2.93e-03   5.2e+01  0.005
add-delete-swap                   3  0.03   7.89    67.8     1.0   1.48e-02   1.2e+02  0.237
demon(L=4,Td=8)                   3  0.69  19.01     6.0     5.0   3.34e-02   1.9e+03  0.119
