{'n': 12, 'seed': 1, 'T_factor': 0.55, 'budget_s': 2.0, 'arm': 'quench', 'n_atoms': 801, 'cov_weighted': 1.0, 'cov_unweighted': 1.0, 'n_modes': 7, 'shots': 1280, 'wall_s': 2.05}
{'n': 12, 'seed': 1, 'T_factor': 0.55, 'budget_s': 2.0, 'arm': 'solver', 'n_atoms': 130, 'cov_weighted': 0.9996, 'cov_unweighted': 0.8571, 'n_modes': 7, 'shots': 0, 'wall_s': 2.0}
{'n': 12, 'seed': 1, 'T_factor': 0.55, 'budget_s': 2.0, 'arm': 'pticm', 'n_atoms': 360, 'cov_weighted': 1.0, 'cov_unweighted': 1.0, 'n_modes': 7, 'shots': 0, 'wall_s': 2.0}
{'n': 12, 'seed': 1, 'T_factor': 0.55, 'budget_s': 2.0, 'arm': 'greedy', 'n_atoms': 8, 'cov_weighted': 1.0, 'cov_unweighted': 1.0, 'n_modes': 7, 'shots': 0, 'wall_s': 2.05}
{'n': 12, 'seed': 1, 'T_factor': 0.55, 'budget_s': 10.0, 'arm': 'quench', 'n_atoms': 2575, 'cov_weighted': 1.0, 'cov_unweighted': 1.0, 'n_modes': 7, 'shots': 6272, 'wall_s': 10.05}
{'n': 12, 'seed': 1, 'T_factor': 0.55, 'budget_s': 10.0, 'arm': 'solver', 'n_atoms': 486, 'cov_weighted': 1.0, 'cov_unweighted': 1.0, 'n_modes': 7, 'shots': 0, 'wall_s': 10.0}
{'n': 12, 'seed': 1, 'T_factor': 0.55, 'budget_s': 10.0, 'arm': 'pticm', 'n_atoms': 1181, 'cov_weighted': 1.0, 'cov_unweighted': 1.0, 'n_modes': 7, 'shots': 0, 'wall_s': 10.0}
{'n': 12, 'seed': 1, 'T_factor': 0.55, 'budget_s': 10.0, 'arm': 'greedy', 'n_atoms': 8, 'cov_weighted': 1.0, 'cov_unweighted': 1.0, 'n_modes': 7, 'shots': 0, 'wall_s': 10.47}
{'n': 12, 'seed': 1, 'T_factor': 0.55, 'chain': 'portal-quench', 'n_atoms': 1024, 'ess_total': 1329.881789, 'ess_per_sec': 578.635263, 'ess_per_step': 0.016624, 'rhat': 1.002625, 'wall_s': 2.298308, 'acc_local': 0.208661, 'acc_portal': 0.038515}
{'n': 12, 'seed': 1, 'T_factor': 0.55, 'chain': 'portal-solver', 'n_atoms': 486, 'ess_total': 1977.651402, 'ess_per_sec': 980.241318, 'ess_per_step': 0.024721, 'rhat': 1.003015, 'wall_s': 2.017515, 'acc_local': 0.209672, 'acc_portal': 0.07485}
{'n': 12, 'seed': 1, 'T_factor': 0.55, 'chain': 'portal-pticm', 'n_atoms': 1024, 'ess_total': 1474.312247, 'ess_per_sec': 567.323683, 'ess_per_step': 0.018429, 'rhat': 1.001161, 'wall_s': 2.598714, 'acc_local': 0.207187, 'acc_portal': 0.033036}
{'n': 12, 'seed': 1, 'T_factor': 0.55, 'chain': 'portal-greedy', 'n_atoms': 8, 'ess_total': 2055.191622, 'ess_per_sec': 1427.088151, 'ess_per_step': 0.02569, 'rhat': 1.002715, 'wall_s': 1.440129, 'acc_local': 0.20696, 'acc_portal': 0.0783}
{'n': 12, 'seed': 1, 'T_factor': 0.55, 'chain': 'local-MH', 'n_atoms': 0, 'ess_total': 1355.44604, 'ess_per_sec': 1424.501664, 'ess_per_step': 0.016943, 'rhat': 1.002913, 'wall_s': 0.951523, 'acc_local': 0.208681, 'acc_portal': 0.0}
{'n': 12, 'seed': 1, 'T_factor': 0.55, 'chain': 'PT-ICM', 'n_atoms': 0, 'ess_total': 636.220519, 'ess_per_sec': 721.396657, 'ess_per_step': 0.011045, 'rhat': 1.002077, 'wall_s': 0.881929, 'acc_local': -1, 'acc_portal': -1}
{'n': 12, 'seed': 1, 'T_factor': 0.35, 'budget_s': 2.0, 'arm': 'quench', 'n_atoms': 1002, 'cov_weighted': 1.0, 'cov_unweighted': 1.0, 'n_modes': 5, 'shots': 1408, 'wall_s': 2.06}
{'n': 12, 'seed': 1, 'T_factor': 0.35, 'budget_s': 2.0, 'arm': 'solver', 'n_atoms': 130, 'cov_weighted': 1.0, 'cov_unweighted': 1.0, 'n_modes': 5, 'shots': 0, 'wall_s': 2.0}
{'n': 12, 'seed': 1, 'T_factor': 0.35, 'budget_s': 2.0, 'arm': 'pticm', 'n_atoms': 226, 'cov_weighted': 1.0, 'cov_unweighted': 1.0, 'n_modes': 5, 'shots': 0, 'wall_s': 2.0}
{'n': 12, 'seed': 1, 'T_factor': 0.35, 'budget_s': 2.0, 'arm': 'greedy', 'n_atoms': 8, 'cov_weighted': 1.0, 'cov_unweighted': 1.0, 'n_modes': 5, 'shots': 0, 'wall_s': 2.03}
{'n': 12, 'seed': 1, 'T_factor': 0.35, 'budget_s': 10.0, 'arm': 'quench', 'n_atoms': 2705, 'cov_weighted': 1.0, 'cov_unweighted': 1.0, 'n_modes': 5, 'shots': 7360, 'wall_s': 10.13}
{'n': 12, 'seed': 1, 'T_factor': 0.35, 'budget_s': 10.0, 'arm': 'solver', 'n_atoms': 379, 'cov_weighted': 1.0, 'cov_unweighted': 1.0, 'n_modes': 5, 'shots': 0, 'wall_s': 10.0}
{'n': 12, 'seed': 1, 'T_factor': 0.35, 'budget_s': 10.0, 'arm': 'pticm', 'n_atoms': 637, 'cov_weighted': 1.0, 'cov_unweighted': 1.0, 'n_modes': 5, 'shots': 0, 'wall_s': 10.0}
{'n': 12, 'seed': 1, 'T_factor': 0.35, 'budget_s': 10.0, 'arm': 'greedy', 'n_atoms': 8, 'cov_weighted': 1.0, 'cov_unweighted': 1.0, 'n_modes': 5, 'shots': 0, 'wall_s': 10.35}
{'n': 12, 'seed': 1, 'T_factor': 0.35, 'chain': 'portal-quench', 'n_atoms': 1024, 'ess_total': 1895.60395, 'ess_per_sec': 708.549064, 'ess_per_step': 0.023695, 'rhat': 1.004051, 'wall_s': 2.675332, 'acc_local': 0.12006, 'acc_portal': 0.006589}
{'n': 12, 'seed': 1, 'T_factor': 0.35, 'chain': 'portal-solver', 'n_atoms': 379, 'ess_total': 1934.187821, 'ess_per_sec': 1021.163808, 'ess_per_step': 0.024177, 'rhat': 1.001503, 'wall_s': 1.894101, 'acc_local': 0.11958, 'acc_portal': 0.017696}
{'n': 12, 'seed': 1, 'T_factor': 0.35, 'chain': 'portal-pticm', 'n_atoms': 637, 'ess_total': 1847.764695, 'ess_per_sec': 917.892776, 'ess_per_step': 0.023097, 'rhat': 1.002412, 'wall_s': 2.013051, 'acc_local': 0.119643, 'acc_portal': 0.010824}
{'n': 12, 'seed': 1, 'T_factor': 0.35, 'chain': 'portal-greedy', 'n_atoms': 8, 'ess_total': 2204.398594, 'ess_per_sec': 1493.004136, 'ess_per_step': 0.027555, 'rhat': 1.001366, 'wall_s': 1.476485, 'acc_local': 0.119952, 'acc_portal': 0.058013}
{'n': 12, 'seed': 1, 'T_factor': 0.35, 'chain': 'local-MH', 'n_atoms': 0, 'ess_total': 2175.352785, 'ess_per_sec': 2773.714929, 'ess_per_step': 0.027192, 'rhat': 1.004232, 'wall_s': 0.784274, 'acc_local': 0.119831, 'acc_portal': 0.0}
{'n': 12, 'seed': 1, 'T_factor': 0.35, 'chain': 'PT-ICM', 'n_atoms': 0, 'ess_total': 353.29435, 'ess_per_sec': 536.030236, 'ess_per_step': 0.006134, 'rhat': 1.001289, 'wall_s': 0.659094, 'acc_local': -1, 'acc_portal': -1}
{'n': 12, 'seed': 2, 'T_factor': 0.55, 'budget_s': 2.0, 'arm': 'quench', 'n_atoms': 961, 'cov_weighted': 1.0, 'cov_unweighted': 1.0, 'n_modes': 4, 'shots': 1600, 'wall_s': 2.1}
{'n': 12, 'seed': 2, 'T_factor': 0.55, 'budget_s': 2.0, 'arm': 'solver', 'n_atoms': 472, 'cov_weighted': 1.0, 'cov_unweighted': 1.0, 'n_modes': 4, 'shots': 0, 'wall_s': 2.01}
{'n': 12, 'seed': 2, 'T_factor': 0.55, 'budget_s': 2.0, 'arm': 'pticm', 'n_atoms': 297, 'cov_weighted': 1.0, 'cov_unweighted': 1.0, 'n_modes': 4, 'shots': 0, 'wall_s': 2.0}
{'n': 12, 'seed': 2, 'T_factor': 0.55, 'budget_s': 2.0, 'arm': 'greedy', 'n_atoms': 5, 'cov_weighted': 1.0, 'cov_unweighted': 1.0, 'n_modes': 4, 'shots': 0, 'wall_s': 2.06}
{'n': 12, 'seed': 2, 'T_factor': 0.55, 'budget_s': 10.0, 'arm': 'quench', 'n_atoms': 2406, 'cov_weighted': 1.0, 'cov_unweighted': 1.0, 'n_modes': 4, 'shots': 6208, 'wall_s': 10.0}
{'n': 12, 'seed': 2, 'T_factor': 0.55, 'budget_s': 10.0, 'arm': 'solver', 'n_atoms': 589, 'cov_weighted': 1.0, 'cov_unweighted': 1.0, 'n_modes': 4, 'shots': 0, 'wall_s': 10.0}
{'n': 12, 'seed': 2, 'T_factor': 0.55, 'budget_s': 10.0, 'arm': 'pticm', 'n_atoms': 749, 'cov_weighted': 1.0, 'cov_unweighted': 1.0, 'n_modes': 4, 'shots': 0, 'wall_s': 10.0}
{'n': 12, 'seed': 2, 'T_factor': 0.55, 'budget_s': 10.0, 'arm': 'greedy', 'n_atoms': 5, 'cov_weighted': 1.0, 'cov_unweighted': 1.0, 'n_modes': 4, 'shots': 0, 'wall_s': 10.54}
{'n': 12, 'seed': 2, 'T_factor': 0.55, 'chain': 'portal-quench', 'n_atoms': 1024, 'ess_total': 2687.813418, 'ess_per_sec': 1023.274613, 'ess_per_step': 0.033598, 'rhat': 1.003418, 'wall_s': 2.626678, 'acc_local': 0.093154, 'acc_portal': 0.005224}
{'n': 12, 'seed': 2, 'T_factor': 0.55, 'chain': 'portal-solver', 'n_atoms': 589, 'ess_total': 2745.004363, 'ess_per_sec': 1139.995227, 'ess_per_step': 0.034313, 'rhat': 1.002287, 'wall_s': 2.407909, 'acc_local': 0.092553, 'acc_portal': 0.008281}
{'n': 12, 'seed': 2, 'T_factor': 0.55, 'chain': 'portal-pticm', 'n_atoms': 749, 'ess_total': 1949.680076, 'ess_per_sec': 892.064114, 'ess_per_step': 0.024371, 'rhat': 1.004353, 'wall_s': 2.185583, 'acc_local': 0.092955, 'acc_portal': 0.007414}
{'n': 12, 'seed': 2, 'T_factor': 0.55, 'chain': 'portal-greedy', 'n_atoms': 5, 'ess_total': 2798.14709, 'ess_per_sec': 2393.3699, 'ess_per_step': 0.034977, 'rhat': 1.001069, 'wall_s': 1.169124, 'acc_local': 0.092954, 'acc_portal': 0.102951}
{'n': 12, 'seed': 2, 'T_factor': 0.55, 'chain': 'local-MH', 'n_atoms': 0, 'ess_total': 2965.279106, 'ess_per_sec': 3118.255301, 'ess_per_step': 0.037066, 'rhat': 1.002126, 'wall_s': 0.950942, 'acc_local': 0.092875, 'acc_portal': 0.0}
{'n': 12, 'seed': 2, 'T_factor': 0.55, 'chain': 'PT-ICM', 'n_atoms': 0, 'ess_total': 388.70005, 'ess_per_sec': 417.271138, 'ess_per_step': 0.006748, 'rhat': 1.01484, 'wall_s': 0.931529, 'acc_local': -1, 'acc_portal': -1}
{'n': 12, 'seed': 2, 'T_factor': 0.35, 'budget_s': 2.0, 'arm': 'quench', 'n_atoms': 974, 'cov_weighted': 1.0, 'cov_unweighted': 1.0, 'n_modes': 1, 'shots': 1536, 'wall_s': 2.04}
{'n': 12, 'seed': 2, 'T_factor': 0.35, 'budget_s': 2.0, 'arm': 'solver', 'n_atoms': 91, 'cov_weighted': 1.0, 'cov_unweighted': 1.0, 'n_modes': 1, 'shots': 0, 'wall_s': 2.0}
{'n': 12, 'seed': 2, 'T_factor': 0.35, 'budget_s': 2.0, 'arm': 'pticm', 'n_atoms': 126, 'cov_weighted': 1.0, 'cov_unweighted': 1.0, 'n_modes': 1, 'shots': 0, 'wall_s': 2.0}
{'n': 12, 'seed': 2, 'T_factor': 0.35, 'budget_s': 2.0, 'arm': 'greedy', 'n_atoms': 5, 'cov_weighted': 1.0, 'cov_unweighted': 1.0, 'n_modes': 1, 'shots': 0, 'wall_s': 2.07}
{'n': 12, 'seed': 2, 'T_factor': 0.35, 'budget_s': 10.0, 'arm': 'quench', 'n_atoms': 2626, 'cov_weighted': 1.0, 'cov_unweighted': 1.0, 'n_modes': 1, 'shots': 6208, 'wall_s': 10.04}
{'n': 12, 'seed': 2, 'T_factor': 0.35, 'budget_s': 10.0, 'arm': 'solver', 'n_atoms': 218, 'cov_weighted': 1.0, 'cov_unweighted': 1.0, 'n_modes': 1, 'shots': 0, 'wall_s': 10.0}
{'n': 12, 'seed': 2, 'T_factor': 0.35, 'budget_s': 10.0, 'arm': 'pticm', 'n_atoms': 314, 'cov_weighted': 1.0, 'cov_unweighted': 1.0, 'n_modes': 1, 'shots': 0, 'wall_s': 10.0}
{'n': 12, 'seed': 2, 'T_factor': 0.35, 'budget_s': 10.0, 'arm': 'greedy', 'n_atoms': 5, 'cov_weighted': 1.0, 'cov_unweighted': 1.0, 'n_modes': 1, 'shots': 0, 'wall_s': 10.32}
{'n': 12, 'seed': 2, 'T_factor': 0.35, 'chain': 'portal-quench', 'n_atoms': 1024, 'ess_total': 3224.794064, 'ess_per_sec': 1318.227116, 'ess_per_step': 0.04031, 'rhat': 1.000824, 'wall_s': 2.446311, 'acc_local': 0.051155, 'acc_portal': 0.002302}
{'n': 12, 'seed': 2, 'T_factor': 0.35, 'chain': 'portal-solver', 'n_atoms': 218, 'ess_total': 3282.999084, 'ess_per_sec': 2147.957894, 'ess_per_step': 0.041037, 'rhat': 1.001381, 'wall_s': 1.528428, 'acc_local': 0.051218, 'acc_portal': 0.007851}
{'n': 12, 'seed': 2, 'T_factor': 0.35, 'chain': 'portal-pticm', 'n_atoms': 314, 'ess_total': 3180.794582, 'ess_per_sec': 1821.678893, 'ess_per_step': 0.03976, 'rhat': 1.001027, 'wall_s': 1.746079, 'acc_local': 0.051336, 'acc_portal': 0.006776}
{'n': 12, 'seed': 2, 'T_factor': 0.35, 'chain': 'portal-greedy', 'n_atoms': 5, 'ess_total': 3459.051526, 'ess_per_sec': 2235.292499, 'ess_per_step': 0.043238, 'rhat': 1.000747, 'wall_s': 1.547472, 'acc_local': 0.051257, 'acc_portal': 0.10559}
{'n': 12, 'seed': 2, 'T_factor': 0.35, 'chain': 'local-MH', 'n_atoms': 0, 'ess_total': 3203.791113, 'ess_per_sec': 3362.471009, 'ess_per_step': 0.040047, 'rhat': 1.000915, 'wall_s': 0.952809, 'acc_local': 0.059906, 'acc_portal': 0.0}
{'n': 12, 'seed': 2, 'T_factor': 0.35, 'chain': 'PT-ICM', 'n_atoms': 0, 'ess_total': 314.983094, 'ess_per_sec': 363.436627, 'ess_per_step': 0.005468, 'rhat': 1.199673, 'wall_s': 0.86668, 'acc_local': -1, 'acc_portal': -1}
{'n': 12, 'seed': 3, 'T_factor': 0.55, 'budget_s': 2.0, 'arm': 'quench', 'n_atoms': 795, 'cov_weighted': 1.0, 'cov_unweighted': 1.0, 'n_modes': 4, 'shots': 1216, 'wall_s': 2.04}
{'n': 12, 'seed': 3, 'T_factor': 0.55, 'budget_s': 2.0, 'arm': 'solver', 'n_atoms': 382, 'cov_weighted': 1.0, 'cov_unweighted': 1.0, 'n_modes': 4, 'shots': 0, 'wall_s': 2.0}
{'n': 12, 'seed': 3, 'T_factor': 0.55, 'budget_s': 2.0, 'arm': 'pticm', 'n_atoms': 258, 'cov_weighted': 1.0, 'cov_unweighted': 1.0, 'n_modes': 4, 'shots': 0, 'wall_s': 2.0}
{'n': 12, 'seed': 3, 'T_factor': 0.55, 'budget_s': 2.0, 'arm': 'greedy', 'n_atoms': 6, 'cov_weighted': 1.0, 'cov_unweighted': 1.0, 'n_modes': 4, 'shots': 0, 'wall_s': 2.06}
{'n': 12, 'seed': 3, 'T_factor': 0.55, 'budget_s': 10.0, 'arm': 'quench', 'n_atoms': 2682, 'cov_weighted': 1.0, 'cov_unweighted': 1.0, 'n_modes': 4, 'shots': 7168, 'wall_s': 10.13}
{'n': 12, 'seed': 3, 'T_factor': 0.55, 'budget_s': 10.0, 'arm': 'solver', 'n_atoms': 409, 'cov_weighted': 1.0, 'cov_unweighted': 1.0, 'n_modes': 4, 'shots': 0, 'wall_s': 10.01}
{'n': 12, 'seed': 3, 'T_factor': 0.55, 'budget_s': 10.0, 'arm': 'pticm', 'n_atoms': 767, 'cov_weighted': 1.0, 'cov_unweighted': 1.0, 'n_modes': 4, 'shots': 0, 'wall_s': 10.0}
{'n': 12, 'seed': 3, 'T_factor': 0.55, 'budget_s': 10.0, 'arm': 'greedy', 'n_atoms': 6, 'cov_weighted': 1.0, 'cov_unweighted': 1.0, 'n_modes': 4, 'shots': 0, 'wall_s': 10.42}
{'n': 12, 'seed': 3, 'T_factor': 0.55, 'chain': 'portal-quench', 'n_atoms': 1024, 'ess_total': 2144.025829, 'ess_per_sec': 1104.142127, 'ess_per_step': 0.0268, 'rhat': 1.002932, 'wall_s': 1.941802, 'acc_local': 0.06339, 'acc_portal': 0.003487}
{'n': 12, 'seed': 3, 'T_factor': 0.55, 'chain': 'portal-solver', 'n_atoms': 409, 'ess_total': 2168.629454, 'ess_per_sec': 1543.190337, 'ess_per_step': 0.027108, 'rhat': 1.001897, 'wall_s': 1.40529, 'acc_local': 0.063849, 'acc_portal': 0.00767}
{'n': 12, 'seed': 3, 'T_factor': 0.55, 'chain': 'portal-pticm', 'n_atoms': 767, 'ess_total': 2499.396408, 'ess_per_sec': 1449.065854, 'ess_per_step': 0.031242, 'rhat': 1.001814, 'wall_s': 1.724833, 'acc_local': 0.063219, 'acc_portal': 0.004425}
{'n': 12, 'seed': 3, 'T_factor': 0.55, 'chain': 'portal-greedy', 'n_atoms': 6, 'ess_total': 2187.892378, 'ess_per_sec': 2043.721688, 'ess_per_step': 0.027349, 'rhat': 1.00269, 'wall_s': 1.070543, 'acc_local': 0.064394, 'acc_portal': 0.091359}
{'n': 12, 'seed': 3, 'T_factor': 0.55, 'chain': 'local-MH', 'n_atoms': 0, 'ess_total': 2161.948198, 'ess_per_sec': 2947.757908, 'ess_per_step': 0.027024, 'rhat': 1.002838, 'wall_s': 0.733421, 'acc_local': 0.063988, 'acc_portal': 0.0}
{'n': 12, 'seed': 3, 'T_factor': 0.55, 'chain': 'PT-ICM', 'n_atoms': 0, 'ess_total': 518.594912, 'ess_per_sec': 772.155617, 'ess_per_step': 0.009003, 'rhat': 1.006775, 'wall_s': 0.67162, 'acc_local': -1, 'acc_portal': -1}
{'n': 12, 'seed': 3, 'T_factor': 0.35, 'budget_s': 2.0, 'arm': 'quench', 'n_atoms': 1081, 'cov_weighted': 1.0, 'cov_unweighted': 1.0, 'n_modes': 1, 'shots': 1728, 'wall_s': 2.02}
{'n': 12, 'seed': 3, 'T_factor': 0.35, 'budget_s': 2.0, 'arm': 'solver', 'n_atoms': 92, 'cov_weighted': 1.0, 'cov_unweighted': 1.0, 'n_modes': 1, 'shots': 0, 'wall_s': 2.0}
{'n': 12, 'seed': 3, 'T_factor': 0.35, 'budget_s': 2.0, 'arm': 'pticm', 'n_atoms': 130, 'cov_weighted': 1.0, 'cov_unweighted': 1.0, 'n_modes': 1, 'shots': 0, 'wall_s': 2.0}
{'n': 12, 'seed': 3, 'T_factor': 0.35, 'budget_s': 2.0, 'arm': 'greedy', 'n_atoms': 6, 'cov_weighted': 1.0, 'cov_unweighted': 1.0, 'n_modes': 1, 'shots': 0, 'wall_s': 2.04}
{'n': 12, 'seed': 3, 'T_factor': 0.35, 'budget_s': 10.0, 'arm': 'quench', 'n_atoms': 2746, 'cov_weighted': 1.0, 'cov_unweighted': 1.0, 'n_modes': 1, 'shots': 7744, 'wall_s': 10.08}
{'n': 12, 'seed': 3, 'T_factor': 0.35, 'budget_s': 10.0, 'arm': 'solver', 'n_atoms': 368, 'cov_weighted': 1.0, 'cov_unweighted': 1.0, 'n_modes': 1, 'shots': 0, 'wall_s': 10.0}
{'n': 12, 'seed': 3, 'T_factor': 0.35, 'budget_s': 10.0, 'arm': 'pticm', 'n_atoms': 265, 'cov_weighted': 1.0, 'cov_unweighted': 1.0, 'n_modes': 1, 'shots': 0, 'wall_s': 10.0}
{'n': 12, 'seed': 3, 'T_factor': 0.35, 'budget_s': 10.0, 'arm': 'greedy', 'n_atoms': 6, 'cov_weighted': 1.0, 'cov_unweighted': 1.0, 'n_modes': 1, 'shots': 0, 'wall_s': 10.34}
{'n': 12, 'seed': 3, 'T_factor': 0.35, 'chain': 'portal-quench', 'n_atoms': 1024, 'ess_total': 3125.067869, 'ess_per_sec': 1289.972242, 'ess_per_step': 0.039063, 'rhat': 1.001209, 'wall_s': 2.422585, 'acc_local': 0.027347, 'acc_portal': 0.001615}
{'n': 12, 'seed': 3, 'T_factor': 0.35, 'chain': 'portal-solver', 'n_atoms': 368, 'ess_total': 3083.627054, 'ess_per_sec': 1584.361449, 'ess_per_step': 0.038545, 'rhat': 1.001277, 'wall_s': 1.94629, 'acc_local': 0.027374, 'acc_portal': 0.002978}
{'n': 12, 'seed': 3, 'T_factor': 0.35, 'chain': 'portal-pticm', 'n_atoms': 265, 'ess_total': 3148.970017, 'ess_per_sec': 1924.47331, 'ess_per_step': 0.039362, 'rhat': 1.001155, 'wall_s': 1.636276, 'acc_local': 0.027241, 'acc_portal': 0.004166}
{'n': 12, 'seed': 3, 'T_factor': 0.35, 'chain': 'portal-greedy', 'n_atoms': 6, 'ess_total': 3677.580269, 'ess_per_sec': 3033.778694, 'ess_per_step': 0.04597, 'rhat': 1.000892, 'wall_s': 1.212211, 'acc_local': 0.027089, 'acc_portal': 0.094049}
{'n': 12, 'seed': 3, 'T_factor': 0.35, 'chain': 'local-MH', 'n_atoms': 0, 'ess_total': 2302.779274, 'ess_per_sec': 2378.045817, 'ess_per_step': 0.028785, 'rhat': 3.675555, 'wall_s': 0.968349, 'acc_local': 0.048944, 'acc_portal': 0.0}
{'n': 12, 'seed': 3, 'T_factor': 0.35, 'chain': 'PT-ICM', 'n_atoms': 0, 'ess_total': 376.536082, 'ess_per_sec': 430.482654, 'ess_per_step': 0.006537, 'rhat': 1.125185, 'wall_s': 0.874684, 'acc_local': -1, 'acc_portal': -1}
{'n': 16, 'seed': 1, 'T_factor': 0.55, 'budget_s': 2.0, 'arm': 'quench', 'n_atoms': 108, 'cov_weighted': 0.9456, 'cov_unweighted': 0.6176, 'n_modes': 34, 'shots': 128, 'wall_s': 4.3}
{'n': 16, 'seed': 1, 'T_factor': 0.55, 'budget_s': 2.0, 'arm': 'solver', 'n_atoms': 49, 'cov_weighted': 0.91, 'cov_unweighted': 0.4118, 'n_modes': 34, 'shots': 0, 'wall_s': 2.09}
{'n': 16, 'seed': 1, 'T_factor': 0.55, 'budget_s': 2.0, 'arm': 'pticm', 'n_atoms': 379, 'cov_weighted': 0.9977, 'cov_unweighted': 0.8824, 'n_modes': 34, 'shots': 0, 'wall_s': 2.0}
{'n': 16, 'seed': 1, 'T_factor': 0.55, 'budget_s': 2.0, 'arm': 'greedy', 'n_atoms': 34, 'cov_weighted': 1.0, 'cov_unweighted': 1.0, 'n_modes': 34, 'shots': 0, 'wall_s': 2.06}
{'n': 16, 'seed': 1, 'T_factor': 0.55, 'budget_s': 10.0, 'arm': 'quench', 'n_atoms': 316, 'cov_weighted': 0.9809, 'cov_unweighted': 0.7941, 'n_modes': 34, 'shots': 320, 'wall_s': 12.76}
{'n': 16, 'seed': 1, 'T_factor': 0.55, 'budget_s': 10.0, 'arm': 'solver', 'n_atoms': 444, 'cov_weighted': 0.9641, 'cov_unweighted': 0.7353, 'n_modes': 34, 'shots': 0, 'wall_s': 10.06}
{'n': 16, 'seed': 1, 'T_factor': 0.55, 'budget_s': 10.0, 'arm': 'pticm', 'n_atoms': 1316, 'cov_weighted': 1.0, 'cov_unweighted': 1.0, 'n_modes': 34, 'shots': 0, 'wall_s': 10.0}
{'n': 16, 'seed': 1, 'T_factor': 0.55, 'budget_s': 10.0, 'arm': 'greedy', 'n_atoms': 34, 'cov_weighted': 1.0, 'cov_unweighted': 1.0, 'n_modes': 34, 'shots': 0, 'wall_s': 10.26}
{'n': 16, 'seed': 1, 'T_factor': 0.55, 'chain': 'portal-quench', 'n_atoms': 316, 'ess_total': 733.639707, 'ess_per_sec': 421.038549, 'ess_per_step': 0.00917, 'rhat': 1.002434, 'wall_s': 1.742453, 'acc_local': 0.231906, 'acc_portal': 0.01222}
{'n': 16, 'seed': 1, 'T_factor': 0.55, 'chain': 'portal-solver', 'n_atoms': 444, 'ess_total': 1622.353288, 'ess_per_sec': 752.213899, 'ess_per_step': 0.020279, 'rhat': 1.003958, 'wall_s': 2.156771, 'acc_local': 0.234007, 'acc_portal': 0.244926}
{'n': 16, 'seed': 1, 'T_factor': 0.55, 'chain': 'portal-pticm', 'n_atoms': 1024, 'ess_total': 839.690791, 'ess_per_sec': 353.741804, 'ess_per_step': 0.010496, 'rhat': 1.005079, 'wall_s': 2.373739, 'acc_local': 0.232705, 'acc_portal': 0.02857}
{'n': 16, 'seed': 1, 'T_factor': 0.55, 'chain': 'portal-greedy', 'n_atoms': 34, 'ess_total': 1260.025971, 'ess_per_sec': 824.27244, 'ess_per_step': 0.01575, 'rhat': 1.003004, 'wall_s': 1.528652, 'acc_local': 0.232138, 'acc_portal': 0.096332}
{'n': 16, 'seed': 1, 'T_factor': 0.55, 'chain': 'local-MH', 'n_atoms': 0, 'ess_total': 937.569778, 'ess_per_sec': 988.163711, 'ess_per_step': 0.01172, 'rhat': 1.004124, 'wall_s': 0.9488, 'acc_local': 0.233944, 'acc_portal': 0.0}
{'n': 16, 'seed': 1, 'T_factor': 0.55, 'chain': 'PT-ICM', 'n_atoms': 0, 'ess_total': 656.706075, 'ess_per_sec': 642.205485, 'ess_per_step': 0.008551, 'rhat': 1.001344, 'wall_s': 1.022579, 'acc_local': -1, 'acc_portal': -1}
{'n': 16, 'seed': 1, 'T_factor': 0.35, 'budget_s': 2.0, 'arm': 'quench', 'n_atoms': 106, 'cov_weighted': 0.989, 'cov_unweighted': 0.6552, 'n_modes': 29, 'shots': 128, 'wall_s': 4.66}
{'n': 16, 'seed': 1, 'T_factor': 0.35, 'budget_s': 2.0, 'arm': 'solver', 'n_atoms': 13, 'cov_weighted': 0.9, 'cov_unweighted': 0.1034, 'n_modes': 29, 'shots': 0, 'wall_s': 2.53}
{'n': 16, 'seed': 1, 'T_factor': 0.35, 'budget_s': 2.0, 'arm': 'pticm', 'n_atoms': 353, 'cov_weighted': 0.9999, 'cov_unweighted': 0.9655, 'n_modes': 29, 'shots': 0, 'wall_s': 2.0}
{'n': 16, 'seed': 1, 'T_factor': 0.35, 'budget_s': 2.0, 'arm': 'greedy', 'n_atoms': 34, 'cov_weighted': 1.0, 'cov_unweighted': 1.0, 'n_modes': 29, 'shots': 0, 'wall_s': 2.05}
{'n': 16, 'seed': 1, 'T_factor': 0.35, 'budget_s': 10.0, 'arm': 'quench', 'n_atoms': 330, 'cov_weighted': 0.9998, 'cov_unweighted': 0.931, 'n_modes': 29, 'shots': 384, 'wall_s': 10.89}
{'n': 16, 'seed': 1, 'T_factor': 0.35, 'budget_s': 10.0, 'arm': 'solver', 'n_atoms': 121, 'cov_weighted': 0.9953, 'cov_unweighted': 0.6207, 'n_modes': 29, 'shots': 0, 'wall_s': 10.67}
{'n': 16, 'seed': 1, 'T_factor': 0.35, 'budget_s': 10.0, 'arm': 'pticm', 'n_atoms': 1230, 'cov_weighted': 1.0, 'cov_unweighted': 1.0, 'n_modes': 29, 'shots': 0, 'wall_s': 10.0}
{'n': 16, 'seed': 1, 'T_factor': 0.35, 'budget_s': 10.0, 'arm': 'greedy', 'n_atoms': 34, 'cov_weighted': 1.0, 'cov_unweighted': 1.0, 'n_modes': 29, 'shots': 0, 'wall_s': 10.29}
{'n': 16, 'seed': 1, 'T_factor': 0.35, 'chain': 'portal-quench', 'n_atoms': 330, 'ess_total': 557.501569, 'ess_per_sec': 314.164949, 'ess_per_step': 0.006969, 'rhat': 1.010872, 'wall_s': 1.774551, 'acc_local': 0.128283, 'acc_portal': 0.024093}
{'n': 16, 'seed': 1, 'T_factor': 0.35, 'chain': 'portal-solver', 'n_atoms': 121, 'ess_total': 1296.782648, 'ess_per_sec': 845.664141, 'ess_per_step': 0.01621, 'rhat': 1.005611, 'wall_s': 1.533449, 'acc_local': 0.124717, 'acc_portal': 0.158843}
{'n': 16, 'seed': 1, 'T_factor': 0.35, 'chain': 'portal-pticm', 'n_atoms': 1024, 'ess_total': 633.848982, 'ess_per_sec': 248.762672, 'ess_per_step': 0.007923, 'rhat': 1.016145, 'wall_s': 2.548007, 'acc_local': 0.127064, 'acc_portal': 0.020623}
{'n': 16, 'seed': 1, 'T_factor': 0.35, 'chain': 'portal-greedy', 'n_atoms': 34, 'ess_total': 885.308893, 'ess_per_sec': 582.012077, 'ess_per_step': 0.011066, 'rhat': 1.002628, 'wall_s': 1.521118, 'acc_local': 0.126461, 'acc_portal': 0.038598}
{'n': 16, 'seed': 1, 'T_factor': 0.35, 'chain': 'local-MH', 'n_atoms': 0, 'ess_total': 373.978463, 'ess_per_sec': 376.897092, 'ess_per_step': 0.004675, 'rhat': 1.073142, 'wall_s': 0.992256, 'acc_local': 0.126531, 'acc_portal': 0.0}
{'n': 16, 'seed': 1, 'T_factor': 0.35, 'chain': 'PT-ICM', 'n_atoms': 0, 'ess_total': 520.398405, 'ess_per_sec': 469.646934, 'ess_per_step': 0.006776, 'rhat': 1.005712, 'wall_s': 1.108063, 'acc_local': -1, 'acc_portal': -1}
{'n': 16, 'seed': 2, 'T_factor': 0.55, 'budget_s': 2.0, 'arm': 'quench', 'n_atoms': 64, 'cov_weighted': 0.9648, 'cov_unweighted': 0.7143, 'n_modes': 28, 'shots': 64, 'wall_s': 2.9}
{'n': 16, 'seed': 2, 'T_factor': 0.55, 'budget_s': 2.0, 'arm': 'solver', 'n_atoms': 36, 'cov_weighted': 0.86, 'cov_unweighted': 0.3214, 'n_modes': 28, 'shots': 0, 'wall_s': 2.2}
{'n': 16, 'seed': 2, 'T_factor': 0.55, 'budget_s': 2.0, 'arm': 'pticm', 'n_atoms': 274, 'cov_weighted': 0.995, 'cov_unweighted': 0.8571, 'n_modes': 28, 'shots': 0, 'wall_s': 2.0}
{'n': 16, 'seed': 2, 'T_factor': 0.55, 'budget_s': 2.0, 'arm': 'greedy', 'n_atoms': 29, 'cov_weighted': 1.0, 'cov_unweighted': 1.0, 'n_modes': 28, 'shots': 0, 'wall_s': 2.05}
{'n': 16, 'seed': 2, 'T_factor': 0.55, 'budget_s': 10.0, 'arm': 'quench', 'n_atoms': 295, 'cov_weighted': 0.9979, 'cov_unweighted': 0.8571, 'n_modes': 28, 'shots': 320, 'wall_s': 11.29}
{'n': 16, 'seed': 2, 'T_factor': 0.55, 'budget_s': 10.0, 'arm': 'solver', 'n_atoms': 254, 'cov_weighted': 0.9799, 'cov_unweighted': 0.6071, 'n_modes': 28, 'shots': 0, 'wall_s': 10.3}
{'n': 16, 'seed': 2, 'T_factor': 0.55, 'budget_s': 10.0, 'arm': 'pticm', 'n_atoms': 1551, 'cov_weighted': 0.9999, 'cov_unweighted': 0.9643, 'n_modes': 28, 'shots': 0, 'wall_s': 10.0}
{'n': 16, 'seed': 2, 'T_factor': 0.55, 'budget_s': 10.0, 'arm': 'greedy', 'n_atoms': 29, 'cov_weighted': 1.0, 'cov_unweighted': 1.0, 'n_modes': 28, 'shots': 0, 'wall_s': 10.3}
{'n': 16, 'seed': 2, 'T_factor': 0.55, 'chain': 'portal-quench', 'n_atoms': 295, 'ess_total': 1526.111084, 'ess_per_sec': 885.213461, 'ess_per_step': 0.019076, 'rhat': 1.001478, 'wall_s': 1.724003, 'acc_local': 0.202231, 'acc_portal': 0.051008}
{'n': 16, 'seed': 2, 'T_factor': 0.55, 'chain': 'portal-solver', 'n_atoms': 254, 'ess_total': 1749.134862, 'ess_per_sec': 1173.373104, 'ess_per_step': 0.021864, 'rhat': 1.001706, 'wall_s': 1.490689, 'acc_local': 0.201285, 'acc_portal': 0.308609}
{'n': 16, 'seed': 2, 'T_factor': 0.55, 'chain': 'portal-pticm', 'n_atoms': 1024, 'ess_total': 1435.491777, 'ess_per_sec': 564.681211, 'ess_per_step': 0.017944, 'rhat': 1.003292, 'wall_s': 2.542128, 'acc_local': 0.202428, 'acc_portal': 0.042314}
{'n': 16, 'seed': 2, 'T_factor': 0.55, 'chain': 'portal-greedy', 'n_atoms': 29, 'ess_total': 2139.838956, 'ess_per_sec': 1443.244211, 'ess_per_step': 0.026748, 'rhat': 1.001213, 'wall_s': 1.482659, 'acc_local': 0.203025, 'acc_portal': 0.136741}
{'n': 16, 'seed': 2, 'T_factor': 0.55, 'chain': 'local-MH', 'n_atoms': 0, 'ess_total': 1238.451599, 'ess_per_sec': 1406.068625, 'ess_per_step': 0.015481, 'rhat': 1.002045, 'wall_s': 0.88079, 'acc_local': 0.203612, 'acc_portal': 0.0}
{'n': 16, 'seed': 2, 'T_factor': 0.55, 'chain': 'PT-ICM', 'n_atoms': 0, 'ess_total': 627.724105, 'ess_per_sec': 604.769128, 'ess_per_step': 0.008173, 'rhat': 0.999992, 'wall_s': 1.037957, 'acc_local': -1, 'acc_portal': -1}
{'n': 16, 'seed': 2, 'T_factor': 0.35, 'budget_s': 2.0, 'arm': 'quench', 'n_atoms': 64, 'cov_weighted': 0.989, 'cov_unweighted': 0.7917, 'n_modes': 24, 'shots': 64, 'wall_s': 2.57}
{'n': 16, 'seed': 2, 'T_factor': 0.35, 'budget_s': 2.0, 'arm': 'solver', 'n_atoms': 19, 'cov_weighted': 0.9524, 'cov_unweighted': 0.375, 'n_modes': 24, 'shots': 0, 'wall_s': 2.54}
{'n': 16, 'seed': 2, 'T_factor': 0.35, 'budget_s': 2.0, 'arm': 'pticm', 'n_atoms': 286, 'cov_weighted': 0.9996, 'cov_unweighted': 0.9583, 'n_modes': 24, 'shots': 0, 'wall_s': 2.0}
{'n': 16, 'seed': 2, 'T_factor': 0.35, 'budget_s': 2.0, 'arm': 'greedy', 'n_atoms': 29, 'cov_weighted': 1.0, 'cov_unweighted': 1.0, 'n_modes': 24, 'shots': 0, 'wall_s': 2.05}
{'n': 16, 'seed': 2, 'T_factor': 0.35, 'budget_s': 10.0, 'arm': 'quench', 'n_atoms': 317, 'cov_weighted': 1.0, 'cov_unweighted': 1.0, 'n_modes': 24, 'shots': 320, 'wall_s': 11.2}
{'n': 16, 'seed': 2, 'T_factor': 0.35, 'budget_s': 10.0, 'arm': 'solver', 'n_atoms': 54, 'cov_weighted': 0.9856, 'cov_unweighted': 0.5417, 'n_modes': 24, 'shots': 0, 'wall_s': 10.12}
{'n': 16, 'seed': 2, 'T_factor': 0.35, 'budget_s': 10.0, 'arm': 'pticm', 'n_atoms': 1200, 'cov_weighted': 1.0, 'cov_unweighted': 1.0, 'n_modes': 24, 'shots': 0, 'wall_s': 10.0}
{'n': 16, 'seed': 2, 'T_factor': 0.35, 'budget_s': 10.0, 'arm': 'greedy', 'n_atoms': 29, 'cov_weighted': 1.0, 'cov_unweighted': 1.0, 'n_modes': 24, 'shots': 0, 'wall_s': 10.34}
{'n': 16, 'seed': 2, 'T_factor': 0.35, 'chain': 'portal-quench', 'n_atoms': 317, 'ess_total': 412.649064, 'ess_per_sec': 236.446008, 'ess_per_step': 0.005158, 'rhat': 1.017119, 'wall_s': 1.745215, 'acc_local': 0.11517, 'acc_portal': 0.002499}
{'n': 16, 'seed': 2, 'T_factor': 0.35, 'chain': 'portal-solver', 'n_atoms': 54, 'ess_total': 1364.928104, 'ess_per_sec': 959.846697, 'ess_per_step': 0.017062, 'rhat': 1.002498, 'wall_s': 1.422027, 'acc_local': 0.117165, 'acc_portal': 0.323531}
{'n': 16, 'seed': 2, 'T_factor': 0.35, 'chain': 'portal-pticm', 'n_atoms': 1024, 'ess_total': 459.413901, 'ess_per_sec': 206.706518, 'ess_per_step': 0.005743, 'rhat': 1.00433, 'wall_s': 2.222542, 'acc_local': 0.116529, 'acc_portal': 0.034405}
{'n': 16, 'seed': 2, 'T_factor': 0.35, 'chain': 'portal-greedy', 'n_atoms': 29, 'ess_total': 1146.997383, 'ess_per_sec': 1005.83983, 'ess_per_step': 0.014337, 'rhat': 1.002112, 'wall_s': 1.140338, 'acc_local': 0.1173, 'acc_portal': 0.11397}
{'n': 16, 'seed': 2, 'T_factor': 0.35, 'chain': 'local-MH', 'n_atoms': 0, 'ess_total': 386.011105, 'ess_per_sec': 544.608501, 'ess_per_step': 0.004825, 'rhat': 1.001699, 'wall_s': 0.708786, 'acc_local': 0.115069, 'acc_portal': 0.0}
{'n': 16, 'seed': 2, 'T_factor': 0.35, 'chain': 'PT-ICM', 'n_atoms': 0, 'ess_total': 627.475035, 'ess_per_sec': 719.05958, 'ess_per_step': 0.00817, 'rhat': 0.999697, 'wall_s': 0.872633, 'acc_local': -1, 'acc_portal': -1}
{'n': 16, 'seed': 3, 'T_factor': 0.55, 'budget_s': 2.0, 'arm': 'quench', 'n_atoms': 90, 'cov_weighted': 0.9989, 'cov_unweighted': 0.75, 'n_modes': 12, 'shots': 128, 'wall_s': 3.78}
{'n': 16, 'seed': 3, 'T_factor': 0.55, 'budget_s': 2.0, 'arm': 'solver', 'n_atoms': 113, 'cov_weighted': 0.9995, 'cov_unweighted': 0.75, 'n_modes': 12, 'shots': 0, 'wall_s': 2.01}
{'n': 16, 'seed': 3, 'T_factor': 0.55, 'budget_s': 2.0, 'arm': 'pticm', 'n_atoms': 370, 'cov_weighted': 1.0, 'cov_unweighted': 1.0, 'n_modes': 12, 'shots': 0, 'wall_s': 2.0}
{'n': 16, 'seed': 3, 'T_factor': 0.55, 'budget_s': 2.0, 'arm': 'greedy', 'n_atoms': 17, 'cov_weighted': 1.0, 'cov_unweighted': 1.0, 'n_modes': 12, 'shots': 0, 'wall_s': 2.06}
{'n': 16, 'seed': 3, 'T_factor': 0.55, 'budget_s': 10.0, 'arm': 'quench', 'n_atoms': 243, 'cov_weighted': 0.9992, 'cov_unweighted': 0.9167, 'n_modes': 12, 'shots': 320, 'wall_s': 11.04}
{'n': 16, 'seed': 3, 'T_factor': 0.55, 'budget_s': 10.0, 'arm': 'solver', 'n_atoms': 153, 'cov_weighted': 0.9995, 'cov_unweighted': 0.75, 'n_modes': 12, 'shots': 0, 'wall_s': 10.58}
{'n': 16, 'seed': 3, 'T_factor': 0.55, 'budget_s': 10.0, 'arm': 'pticm', 'n_atoms': 1360, 'cov_weighted': 1.0, 'cov_unweighted': 1.0, 'n_modes': 12, 'shots': 0, 'wall_s': 10.0}
{'n': 16, 'seed': 3, 'T_factor': 0.55, 'budget_s': 10.0, 'arm': 'greedy', 'n_atoms': 17, 'cov_weighted': 1.0, 'cov_unweighted': 1.0, 'n_modes': 12, 'shots': 0, 'wall_s': 10.28}
{'n': 16, 'seed': 3, 'T_factor': 0.55, 'chain': 'portal-quench', 'n_atoms': 243, 'ess_total': 573.948219, 'ess_per_sec': 324.280676, 'ess_per_step': 0.007174, 'rhat': 1.005668, 'wall_s': 1.769912, 'acc_local': 0.107234, 'acc_portal': 0.01791}
{'n': 16, 'seed': 3, 'T_factor': 0.55, 'chain': 'portal-solver', 'n_atoms': 153, 'ess_total': 1086.89393, 'ess_per_sec': 634.023815, 'ess_per_step': 0.013586, 'rhat': 1.002751, 'wall_s': 1.714279, 'acc_local': 0.105268, 'acc_portal': 0.064377}
{'n': 16, 'seed': 3, 'T_factor': 0.55, 'chain': 'portal-pticm', 'n_atoms': 1024, 'ess_total': 439.479633, 'ess_per_sec': 164.45927, 'ess_per_step': 0.005493, 'rhat': 1.020018, 'wall_s': 2.67227, 'acc_local': 0.106969, 'acc_portal': 0.011683}
{'n': 16, 'seed': 3, 'T_factor': 0.55, 'chain': 'portal-greedy', 'n_atoms': 17, 'ess_total': 813.097794, 'ess_per_sec': 547.46436, 'ess_per_step': 0.010164, 'rhat': 1.005277, 'wall_s': 1.485207, 'acc_local': 0.105957, 'acc_portal': 0.033558}
{'n': 16, 'seed': 3, 'T_factor': 0.55, 'chain': 'local-MH', 'n_atoms': 0, 'ess_total': 623.575342, 'ess_per_sec': 668.531029, 'ess_per_step': 0.007795, 'rhat': 1.013686, 'wall_s': 0.932755, 'acc_local': 0.105913, 'acc_portal': 0.0}
{'n': 16, 'seed': 3, 'T_factor': 0.55, 'chain': 'PT-ICM', 'n_atoms': 0, 'ess_total': 609.031676, 'ess_per_sec': 551.443604, 'ess_per_step': 0.00793, 'rhat': 1.002956, 'wall_s': 1.104431, 'acc_local': -1, 'acc_portal': -1}
{'n': 16, 'seed': 3, 'T_factor': 0.35, 'budget_s': 2.0, 'arm': 'quench', 'n_atoms': 128, 'cov_weighted': 1.0, 'cov_unweighted': 1.0, 'n_modes': 6, 'shots': 128, 'wall_s': 5.25}
{'n': 16, 'seed': 3, 'T_factor': 0.35, 'budget_s': 2.0, 'arm': 'solver', 'n_atoms': 57, 'cov_weighted': 1.0, 'cov_unweighted': 1.0, 'n_modes': 6, 'shots': 0, 'wall_s': 2.59}
{'n': 16, 'seed': 3, 'T_factor': 0.35, 'budget_s': 2.0, 'arm': 'pticm', 'n_atoms': 204, 'cov_weighted': 1.0, 'cov_unweighted': 1.0, 'n_modes': 6, 'shots': 0, 'wall_s': 2.0}
{'n': 16, 'seed': 3, 'T_factor': 0.35, 'budget_s': 2.0, 'arm': 'greedy', 'n_atoms': 17, 'cov_weighted': 1.0, 'cov_unweighted': 1.0, 'n_modes': 6, 'shots': 0, 'wall_s': 2.05}
{'n': 16, 'seed': 3, 'T_factor': 0.35, 'budget_s': 10.0, 'arm': 'quench', 'n_atoms': 168, 'cov_weighted': 1.0, 'cov_unweighted': 1.0, 'n_modes': 6, 'shots': 256, 'wall_s': 10.17}
{'n': 16, 'seed': 3, 'T_factor': 0.35, 'budget_s': 10.0, 'arm': 'solver', 'n_atoms': 75, 'cov_weighted': 1.0, 'cov_unweighted': 1.0, 'n_modes': 6, 'shots': 0, 'wall_s': 10.02}
{'n': 16, 'seed': 3, 'T_factor': 0.35, 'budget_s': 10.0, 'arm': 'pticm', 'n_atoms': 617, 'cov_weighted': 1.0, 'cov_unweighted': 1.0, 'n_modes': 6, 'shots': 0, 'wall_s': 10.0}
{'n': 16, 'seed': 3, 'T_factor': 0.35, 'budget_s': 10.0, 'arm': 'greedy', 'n_atoms': 17, 'cov_weighted': 1.0, 'cov_unweighted': 1.0, 'n_modes': 6, 'shots': 0, 'wall_s': 10.33}
{'n': 16, 'seed': 3, 'T_factor': 0.35, 'chain': 'portal-quench', 'n_atoms': 168, 'ess_total': 1863.375732, 'ess_per_sec': 1083.17377, 'ess_per_step': 0.023292, 'rhat': 1.002253, 'wall_s': 1.720293, 'acc_local': 0.080304, 'acc_portal': 0.013659}
{'n': 16, 'seed': 3, 'T_factor': 0.35, 'chain': 'portal-solver', 'n_atoms': 75, 'ess_total': 1702.455659, 'ess_per_sec': 1060.533476, 'ess_per_step': 0.021281, 'rhat': 1.004095, 'wall_s': 1.605282, 'acc_local': 0.080383, 'acc_portal': 0.033802}
{'n': 16, 'seed': 3, 'T_factor': 0.35, 'chain': 'portal-pticm', 'n_atoms': 617, 'ess_total': 1716.673511, 'ess_per_sec': 760.390408, 'ess_per_step': 0.021458, 'rhat': 1.012691, 'wall_s': 2.257621, 'acc_local': 0.0797, 'acc_portal': 0.004355}
{'n': 16, 'seed': 3, 'T_factor': 0.35, 'chain': 'portal-greedy', 'n_atoms': 17, 'ess_total': 2253.179798, 'ess_per_sec': 1537.788982, 'ess_per_step': 0.028165, 'rhat': 1.0023, 'wall_s': 1.465207, 'acc_local': 0.080059, 'acc_portal': 0.01867}
{'n': 16, 'seed': 3, 'T_factor': 0.35, 'chain': 'local-MH', 'n_atoms': 0, 'ess_total': 1619.420568, 'ess_per_sec': 1629.231343, 'ess_per_step': 0.020243, 'rhat': 1.005823, 'wall_s': 0.993978, 'acc_local': 0.077931, 'acc_portal': 0.0}
{'n': 16, 'seed': 3, 'T_factor': 0.35, 'chain': 'PT-ICM', 'n_atoms': 0, 'ess_total': 382.138255, 'ess_per_sec': 343.45817, 'ess_per_step': 0.004976, 'rhat': 1.017333, 'wall_s': 1.112619, 'acc_local': -1, 'acc_portal': -1}
{'n': 20, 'seed': 1, 'T_factor': 0.55, 'budget_s': 2.0, 'arm': 'quench', 'n_atoms': 64, 'cov_weighted': 0.9944, 'cov_unweighted': 0.7368, 'n_modes': 19, 'shots': 64, 'wall_s': 100.86}
{'n': 20, 'seed': 1, 'T_factor': 0.55, 'budget_s': 2.0, 'arm': 'solver', 'n_atoms': 3, 'cov_weighted': 0.888, 'cov_unweighted': 0.0526, 'n_modes': 19, 'shots': 0, 'wall_s': 2.07}
{'n': 20, 'seed': 1, 'T_factor': 0.55, 'budget_s': 2.0, 'arm': 'pticm', 'n_atoms': 313, 'cov_weighted': 0.9987, 'cov_unweighted': 0.9474, 'n_modes': 19, 'shots': 0, 'wall_s': 2.0}
{'n': 20, 'seed': 1, 'T_factor': 0.55, 'budget_s': 2.0, 'arm': 'greedy', 'n_atoms': 34, 'cov_weighted': 1.0, 'cov_unweighted': 1.0, 'n_modes': 19, 'shots': 0, 'wall_s': 2.05}
{'n': 20, 'seed': 1, 'T_factor': 0.55, 'budget_s': 10.0, 'arm': 'quench', 'n_atoms': 64, 'cov_weighted': 0.9938, 'cov_unweighted': 0.6842, 'n_modes': 19, 'shots': 64, 'wall_s': 73.91}
{'n': 20, 'seed': 1, 'T_factor': 0.55, 'budget_s': 10.0, 'arm': 'solver', 'n_atoms': 1, 'cov_weighted': 0.888, 'cov_unweighted': 0.0526, 'n_modes': 19, 'shots': 0, 'wall_s': 10.64}
{'n': 20, 'seed': 1, 'T_factor': 0.55, 'budget_s': 10.0, 'arm': 'pticm', 'n_atoms': 1181, 'cov_weighted': 1.0, 'cov_unweighted': 1.0, 'n_modes': 19, 'shots': 0, 'wall_s': 10.0}
{'n': 20, 'seed': 1, 'T_factor': 0.55, 'budget_s': 10.0, 'arm': 'greedy', 'n_atoms': 34, 'cov_weighted': 1.0, 'cov_unweighted': 1.0, 'n_modes': 19, 'shots': 0, 'wall_s': 10.34}
{'n': 20, 'seed': 1, 'T_factor': 0.55, 'chain': 'portal-quench', 'n_atoms': 64, 'ess_total': 495.865522, 'ess_per_sec': 307.692173, 'ess_per_step': 0.006198, 'rhat': 1.007148, 'wall_s': 1.611564, 'acc_local': 0.129015, 'acc_portal': 0.001261}
{'n': 20, 'seed': 1, 'T_factor': 0.55, 'chain': 'portal-solver', 'n_atoms': 1, 'ess_total': 512.926668, 'ess_per_sec': 301.019958, 'ess_per_step': 0.006412, 'rhat': 1.042099, 'wall_s': 1.703962, 'acc_local': 0.126077, 'acc_portal': 0.298501}
{'n': 20, 'seed': 1, 'T_factor': 0.55, 'chain': 'portal-pticm', 'n_atoms': 1024, 'ess_total': 452.232581, 'ess_per_sec': 154.550371, 'ess_per_step': 0.005653, 'rhat': 1.010003, 'wall_s': 2.926118, 'acc_local': 0.127551, 'acc_portal': 0.004669}
{'n': 20, 'seed': 1, 'T_factor': 0.55, 'chain': 'portal-greedy', 'n_atoms': 34, 'ess_total': 551.797812, 'ess_per_sec': 339.320735, 'ess_per_step': 0.006897, 'rhat': 1.012525, 'wall_s': 1.626184, 'acc_local': 0.130151, 'acc_portal': 0.029381}
{'n': 20, 'seed': 1, 'T_factor': 0.55, 'chain': 'local-MH', 'n_atoms': 0, 'ess_total': 391.448949, 'ess_per_sec': 407.180118, 'ess_per_step': 0.004893, 'rhat': 1.010766, 'wall_s': 0.961366, 'acc_local': 0.123631, 'acc_portal': 0.0}
{'n': 20, 'seed': 1, 'T_factor': 0.55, 'chain': 'PT-ICM', 'n_atoms': 0, 'ess_total': 477.194167, 'ess_per_sec': 346.589135, 'ess_per_step': 0.004971, 'rhat': 1.000556, 'wall_s': 1.37683, 'acc_local': -1, 'acc_portal': -1}
{'n': 20, 'seed': 1, 'T_factor': 0.35, 'budget_s': 2.0, 'arm': 'quench', 'n_atoms': 64, 'cov_weighted': 1.0, 'cov_unweighted': 1.0, 'n_modes': 9, 'shots': 64, 'wall_s': 100.63}
{'n': 20, 'seed': 1, 'T_factor': 0.35, 'budget_s': 2.0, 'arm': 'solver', 'n_atoms': 1, 'cov_weighted': 0.988, 'cov_unweighted': 0.1111, 'n_modes': 9, 'shots': 0, 'wall_s': 2.02}
{'n': 20, 'seed': 1, 'T_factor': 0.35, 'budget_s': 2.0, 'arm': 'pticm', 'n_atoms': 239, 'cov_weighted': 1.0, 'cov_unweighted': 1.0, 'n_modes': 9, 'shots': 0, 'wall_s': 2.0}
{'n': 20, 'seed': 1, 'T_factor': 0.35, 'budget_s': 2.0, 'arm': 'greedy', 'n_atoms': 34, 'cov_weighted': 1.0, 'cov_unweighted': 1.0, 'n_modes': 9, 'shots': 0, 'wall_s': 2.06}
{'n': 20, 'seed': 1, 'T_factor': 0.35, 'budget_s': 10.0, 'arm': 'quench', 'n_atoms': 64, 'cov_weighted': 1.0, 'cov_unweighted': 1.0, 'n_modes': 9, 'shots': 64, 'wall_s': 107.61}
{'n': 20, 'seed': 1, 'T_factor': 0.35, 'budget_s': 10.0, 'arm': 'solver', 'n_atoms': 1, 'cov_weighted': 0.988, 'cov_unweighted': 0.1111, 'n_modes': 9, 'shots': 0, 'wall_s': 11.5}
{'n': 20, 'seed': 1, 'T_factor': 0.35, 'budget_s': 10.0, 'arm': 'pticm', 'n_atoms': 1077, 'cov_weighted': 1.0, 'cov_unweighted': 1.0, 'n_modes': 9, 'shots': 0, 'wall_s': 10.0}
{'n': 20, 'seed': 1, 'T_factor': 0.35, 'budget_s': 10.0, 'arm': 'greedy', 'n_atoms': 34, 'cov_weighted': 1.0, 'cov_unweighted': 1.0, 'n_modes': 9, 'shots': 0, 'wall_s': 10.29}
{'n': 20, 'seed': 1, 'T_factor': 0.35, 'chain': 'portal-quench', 'n_atoms': 64, 'ess_total': 780.901299, 'ess_per_sec': 476.73312, 'ess_per_step': 0.009761, 'rhat': 1.004898, 'wall_s': 1.638026, 'acc_local': 0.039671, 'acc_portal': 0.0}
{'n': 20, 'seed': 1, 'T_factor': 0.35, 'chain': 'portal-solver', 'n_atoms': 1, 'ess_total': 1592.198713, 'ess_per_sec': 1073.860809, 'ess_per_step': 0.019902, 'rhat': 1.013684, 'wall_s': 1.482686, 'acc_local': 0.040535, 'acc_portal': 0.542663}
{'n': 20, 'seed': 1, 'T_factor': 0.35, 'chain': 'portal-pticm', 'n_atoms': 1024, 'ess_total': 1667.707014, 'ess_per_sec': 580.582185, 'ess_per_step': 0.020846, 'rhat': 1.003204, 'wall_s': 2.872474, 'acc_local': 0.038524, 'acc_portal': 0.003627}
{'n': 20, 'seed': 1, 'T_factor': 0.35, 'chain': 'portal-greedy', 'n_atoms': 34, 'ess_total': 882.338878, 'ess_per_sec': 525.997529, 'ess_per_step': 0.011029, 'rhat': 1.003148, 'wall_s': 1.677458, 'acc_local': 0.039904, 'acc_portal': 0.01807}
{'n': 20, 'seed': 1, 'T_factor': 0.35, 'chain': 'local-MH', 'n_atoms': 0, 'ess_total': 590.154266, 'ess_per_sec': 593.942586, 'ess_per_step': 0.007377, 'rhat': 1.018126, 'wall_s': 0.993622, 'acc_local': 0.038625, 'acc_portal': 0.0}
{'n': 20, 'seed': 1, 'T_factor': 0.35, 'chain': 'PT-ICM', 'n_atoms': 0, 'ess_total': 471.697883, 'ess_per_sec': 334.47599, 'ess_per_step': 0.004914, 'rhat': 1.003405, 'wall_s': 1.410259, 'acc_local': -1, 'acc_portal': -1}
{'n': 20, 'seed': 2, 'T_factor': 0.55, 'budget_s': 2.0, 'arm': 'quench', 'n_atoms': 64, 'cov_weighted': 0.9462, 'cov_unweighted': 0.5667, 'n_modes': 30, 'shots': 64, 'wall_s': 109.28}
{'n': 20, 'seed': 2, 'T_factor': 0.55, 'budget_s': 2.0, 'arm': 'solver', 'n_atoms': 19, 'cov_weighted': 0.5342, 'cov_unweighted': 0.1667, 'n_modes': 30, 'shots': 0, 'wall_s': 2.53}
{'n': 20, 'seed': 2, 'T_factor': 0.55, 'budget_s': 2.0, 'arm': 'pticm', 'n_atoms': 260, 'cov_weighted': 0.9898, 'cov_unweighted': 0.8333, 'n_modes': 30, 'shots': 0, 'wall_s': 2.0}
{'n': 20, 'seed': 2, 'T_factor': 0.55, 'budget_s': 2.0, 'arm': 'greedy', 'n_atoms': 35, 'cov_weighted': 1.0, 'cov_unweighted': 1.0, 'n_modes': 30, 'shots': 0, 'wall_s': 2.04}
{'n': 20, 'seed': 2, 'T_factor': 0.55, 'budget_s': 10.0, 'arm': 'quench', 'n_atoms': 64, 'cov_weighted': 0.9736, 'cov_unweighted': 0.5667, 'n_modes': 30, 'shots': 64, 'wall_s': 74.8}
{'n': 20, 'seed': 2, 'T_factor': 0.55, 'budget_s': 10.0, 'arm': 'solver', 'n_atoms': 6, 'cov_weighted': 0.5805, 'cov_unweighted': 0.1, 'n_modes': 30, 'shots': 0, 'wall_s': 11.38}
{'n': 20, 'seed': 2, 'T_factor': 0.55, 'budget_s': 10.0, 'arm': 'pticm', 'n_atoms': 1161, 'cov_weighted': 0.9996, 'cov_unweighted': 0.9, 'n_modes': 30, 'shots': 0, 'wall_s': 10.0}
{'n': 20, 'seed': 2, 'T_factor': 0.55, 'budget_s': 10.0, 'arm': 'greedy', 'n_atoms': 35, 'cov_weighted': 1.0, 'cov_unweighted': 1.0, 'n_modes': 30, 'shots': 0, 'wall_s': 10.26}
{'n': 20, 'seed': 2, 'T_factor': 0.55, 'chain': 'portal-quench', 'n_atoms': 64, 'ess_total': 624.530833, 'ess_per_sec': 411.408615, 'ess_per_step': 0.007807, 'rhat': 1.005516, 'wall_s': 1.518031, 'acc_local': 0.16247, 'acc_portal': 0.00413}
{'n': 20, 'seed': 2, 'T_factor': 0.55, 'chain': 'portal-solver', 'n_atoms': 6, 'ess_total': 862.904119, 'ess_per_sec': 621.817976, 'ess_per_step': 0.010786, 'rhat': 1.011521, 'wall_s': 1.387712, 'acc_local': 0.164434, 'acc_portal': 0.161132}
{'n': 20, 'seed': 2, 'T_factor': 0.55, 'chain': 'portal-pticm', 'n_atoms': 1024, 'ess_total': 500.778275, 'ess_per_sec': 194.409457, 'ess_per_step': 0.00626, 'rhat': 1.005616, 'wall_s': 2.575895, 'acc_local': 0.162481, 'acc_portal': 0.006829}
{'n': 20, 'seed': 2, 'T_factor': 0.55, 'chain': 'portal-greedy', 'n_atoms': 35, 'ess_total': 1238.548189, 'ess_per_sec': 841.850701, 'ess_per_step': 0.015482, 'rhat': 1.002887, 'wall_s': 1.471221, 'acc_local': 0.163033, 'acc_portal': 0.085077}
{'n': 20, 'seed': 2, 'T_factor': 0.55, 'chain': 'local-MH', 'n_atoms': 0, 'ess_total': 718.500194, 'ess_per_sec': 756.549549, 'ess_per_step': 0.008981, 'rhat': 1.006962, 'wall_s': 0.949707, 'acc_local': 0.164175, 'acc_portal': 0.0}
{'n': 20, 'seed': 2, 'T_factor': 0.55, 'chain': 'PT-ICM', 'n_atoms': 0, 'ess_total': 759.865634, 'ess_per_sec': 556.99217, 'ess_per_step': 0.007915, 'rhat': 1.005925, 'wall_s': 1.36423, 'acc_local': -1, 'acc_portal': -1}
{'n': 20, 'seed': 2, 'T_factor': 0.35, 'budget_s': 2.0, 'arm': 'quench', 'n_atoms': 64, 'cov_weighted': 0.9906, 'cov_unweighted': 0.85, 'n_modes': 20, 'shots': 64, 'wall_s': 77.43}
{'n': 20, 'seed': 2, 'T_factor': 0.35, 'budget_s': 2.0, 'arm': 'solver', 'n_atoms': 3, 'cov_weighted': 0.6296, 'cov_unweighted': 0.1, 'n_modes': 20, 'shots': 0, 'wall_s': 2.92}
{'n': 20, 'seed': 2, 'T_factor': 0.35, 'budget_s': 2.0, 'arm': 'pticm', 'n_atoms': 301, 'cov_weighted': 1.0, 'cov_unweighted': 1.0, 'n_modes': 20, 'shots': 0, 'wall_s': 2.0}
{'n': 20, 'seed': 2, 'T_factor': 0.35, 'budget_s': 2.0, 'arm': 'greedy', 'n_atoms': 35, 'cov_weighted': 1.0, 'cov_unweighted': 1.0, 'n_modes': 20, 'shots': 0, 'wall_s': 2.04}
{'n': 20, 'seed': 2, 'T_factor': 0.35, 'budget_s': 10.0, 'arm': 'quench', 'n_atoms': 64, 'cov_weighted': 0.9725, 'cov_unweighted': 0.8, 'n_modes': 20, 'shots': 64, 'wall_s': 75.36}
{'n': 20, 'seed': 2, 'T_factor': 0.35, 'budget_s': 10.0, 'arm': 'solver', 'n_atoms': 12, 'cov_weighted': 0.6814, 'cov_unweighted': 0.2, 'n_modes': 20, 'shots': 0, 'wall_s': 10.55}
{'n': 20, 'seed': 2, 'T_factor': 0.35, 'budget_s': 10.0, 'arm': 'pticm', 'n_atoms': 1294, 'cov_weighted': 1.0, 'cov_unweighted': 1.0, 'n_modes': 20, 'shots': 0, 'wall_s': 10.0}
{'n': 20, 'seed': 2, 'T_factor': 0.35, 'budget_s': 10.0, 'arm': 'greedy', 'n_atoms': 35, 'cov_weighted': 1.0, 'cov_unweighted': 1.0, 'n_modes': 20, 'shots': 0, 'wall_s': 10.35}
{'n': 20, 'seed': 2, 'T_factor': 0.35, 'chain': 'portal-quench', 'n_atoms': 64, 'ess_total': 410.839465, 'ess_per_sec': 291.840794, 'ess_per_step': 0.005135, 'rhat': 1.100542, 'wall_s': 1.407752, 'acc_local': 0.091671, 'acc_portal': 0.000376}
{'n': 20, 'seed': 2, 'T_factor': 0.35, 'chain': 'portal-solver', 'n_atoms': 12, 'ess_total': 317.017335, 'ess_per_sec': 238.982781, 'ess_per_step': 0.003963, 'rhat': 1.020414, 'wall_s': 1.326528, 'acc_local': 0.083819, 'acc_portal': 0.091843}
{'n': 20, 'seed': 2, 'T_factor': 0.35, 'chain': 'portal-pticm', 'n_atoms': 1024, 'ess_total': 319.188394, 'ess_per_sec': 132.807227, 'ess_per_step': 0.00399, 'rhat': 1.010364, 'wall_s': 2.403396, 'acc_local': 0.08981, 'acc_portal': 0.023038}
{'n': 20, 'seed': 2, 'T_factor': 0.35, 'chain': 'portal-greedy', 'n_atoms': 35, 'ess_total': 740.129557, 'ess_per_sec': 524.181952, 'ess_per_step': 0.009252, 'rhat': 1.005259, 'wall_s': 1.411971, 'acc_local': 0.089359, 'acc_portal': 0.068919}
{'n': 20, 'seed': 2, 'T_factor': 0.35, 'chain': 'local-MH', 'n_atoms': 0, 'ess_total': 268.549106, 'ess_per_sec': 283.67808, 'ess_per_step': 0.003357, 'rhat': 1.081484, 'wall_s': 0.946669, 'acc_local': 0.090619, 'acc_portal': 0.0}
{'n': 20, 'seed': 2, 'T_factor': 0.35, 'chain': 'PT-ICM', 'n_atoms': 0, 'ess_total': 492.773559, 'ess_per_sec': 418.900698, 'ess_per_step': 0.005133, 'rhat': 0.996894, 'wall_s': 1.176349, 'acc_local': -1, 'acc_portal': -1}
{'n': 20, 'seed': 3, 'T_factor': 0.55, 'budget_s': 2.0, 'arm': 'quench', 'n_atoms': 64, 'cov_weighted': 0.8412, 'cov_unweighted': 0.4744, 'n_modes': 78, 'shots': 64, 'wall_s': 33.74}
{'n': 20, 'seed': 3, 'T_factor': 0.55, 'budget_s': 2.0, 'arm': 'solver', 'n_atoms': 97, 'cov_weighted': 0.6106, 'cov_unweighted': 0.2949, 'n_modes': 78, 'shots': 0, 'wall_s': 2.0}
{'n': 20, 'seed': 3, 'T_factor': 0.55, 'budget_s': 2.0, 'arm': 'pticm', 'n_atoms': 237, 'cov_weighted': 0.9671, 'cov_unweighted': 0.7308, 'n_modes': 78, 'shots': 0, 'wall_s': 2.0}
{'n': 20, 'seed': 3, 'T_factor': 0.55, 'budget_s': 2.0, 'arm': 'greedy', 'n_atoms': 80, 'cov_weighted': 1.0, 'cov_unweighted': 1.0, 'n_modes': 78, 'shots': 0, 'wall_s': 2.03}
{'n': 20, 'seed': 3, 'T_factor': 0.55, 'budget_s': 10.0, 'arm': 'quench', 'n_atoms': 64, 'cov_weighted': 0.8173, 'cov_unweighted': 0.4615, 'n_modes': 78, 'shots': 64, 'wall_s': 47.55}
{'n': 20, 'seed': 3, 'T_factor': 0.55, 'budget_s': 10.0, 'arm': 'solver', 'n_atoms': 25, 'cov_weighted': 0.4914, 'cov_unweighted': 0.0513, 'n_modes': 78, 'shots': 0, 'wall_s': 10.11}
{'n': 20, 'seed': 3, 'T_factor': 0.55, 'budget_s': 10.0, 'arm': 'pticm', 'n_atoms': 1348, 'cov_weighted': 0.9999, 'cov_unweighted': 0.9744, 'n_modes': 78, 'shots': 0, 'wall_s': 10.0}
{'n': 20, 'seed': 3, 'T_factor': 0.55, 'budget_s': 10.0, 'arm': 'greedy', 'n_atoms': 80, 'cov_weighted': 1.0, 'cov_unweighted': 1.0, 'n_modes': 78, 'shots': 0, 'wall_s': 10.3}
{'n': 20, 'seed': 3, 'T_factor': 0.55, 'chain': 'portal-quench', 'n_atoms': 64, 'ess_total': 277.72542, 'ess_per_sec': 244.771952, 'ess_per_step': 0.003472, 'rhat': 1.014487, 'wall_s': 1.134629, 'acc_local': 0.192099, 'acc_portal': 0.0}
{'n': 20, 'seed': 3, 'T_factor': 0.55, 'chain': 'portal-solver', 'n_atoms': 25, 'ess_total': 304.801354, 'ess_per_sec': 277.372687, 'ess_per_step': 0.00381, 'rhat': 1.013859, 'wall_s': 1.098887, 'acc_local': 0.190441, 'acc_portal': 0.199015}
{'n': 20, 'seed': 3, 'T_factor': 0.55, 'chain': 'portal-pticm', 'n_atoms': 1024, 'ess_total': 402.473232, 'ess_per_sec': 194.789517, 'ess_per_step': 0.005031, 'rhat': 1.014048, 'wall_s': 2.066196, 'acc_local': 0.191967, 'acc_portal': 0.010419}
{'n': 20, 'seed': 3, 'T_factor': 0.55, 'chain': 'portal-greedy', 'n_atoms': 80, 'ess_total': 690.596028, 'ess_per_sec': 577.033426, 'ess_per_step': 0.008632, 'rhat': 1.009108, 'wall_s': 1.196804, 'acc_local': 0.188741, 'acc_portal': 0.095984}
{'n': 20, 'seed': 3, 'T_factor': 0.55, 'chain': 'local-MH', 'n_atoms': 0, 'ess_total': 293.930399, 'ess_per_sec': 394.412798, 'ess_per_step': 0.003674, 'rhat': 1.010162, 'wall_s': 0.745235, 'acc_local': 0.190137, 'acc_portal': 0.0}
{'n': 20, 'seed': 3, 'T_factor': 0.55, 'chain': 'PT-ICM', 'n_atoms': 0, 'ess_total': 761.555206, 'ess_per_sec': 731.436587, 'ess_per_step': 0.007933, 'rhat': 0.997699, 'wall_s': 1.041177, 'acc_local': -1, 'acc_portal': -1}
{'n': 20, 'seed': 3, 'T_factor': 0.35, 'budget_s': 2.0, 'arm': 'quench', 'n_atoms': 64, 'cov_weighted': 0.9495, 'cov_unweighted': 0.5152, 'n_modes': 66, 'shots': 64, 'wall_s': 33.88}
{'n': 20, 'seed': 3, 'T_factor': 0.35, 'budget_s': 2.0, 'arm': 'solver', 'n_atoms': 1, 'cov_weighted': 0.0205, 'cov_unweighted': 0.0152, 'n_modes': 66, 'shots': 0, 'wall_s': 2.32}
{'n': 20, 'seed': 3, 'T_factor': 0.35, 'budget_s': 2.0, 'arm': 'pticm', 'n_atoms': 314, 'cov_weighted': 0.9981, 'cov_unweighted': 0.8485, 'n_modes': 66, 'shots': 0, 'wall_s': 2.0}
{'n': 20, 'seed': 3, 'T_factor': 0.35, 'budget_s': 2.0, 'arm': 'greedy', 'n_atoms': 80, 'cov_weighted': 1.0, 'cov_unweighted': 1.0, 'n_modes': 66, 'shots': 0, 'wall_s': 2.06}
{'n': 20, 'seed': 3, 'T_factor': 0.35, 'budget_s': 10.0, 'arm': 'quench', 'n_atoms': 64, 'cov_weighted': 0.9354, 'cov_unweighted': 0.5152, 'n_modes': 66, 'shots': 64, 'wall_s': 48.52}
{'n': 20, 'seed': 3, 'T_factor': 0.35, 'budget_s': 10.0, 'arm': 'solver', 'n_atoms': 48, 'cov_weighted': 0.7921, 'cov_unweighted': 0.1061, 'n_modes': 66, 'shots': 0, 'wall_s': 10.22}
{'n': 20, 'seed': 3, 'T_factor': 0.35, 'budget_s': 10.0, 'arm': 'pticm', 'n_atoms': 1231, 'cov_weighted': 0.9998, 'cov_unweighted': 0.9697, 'n_modes': 66, 'shots': 0, 'wall_s': 10.0}
{'n': 20, 'seed': 3, 'T_factor': 0.35, 'budget_s': 10.0, 'arm': 'greedy', 'n_atoms': 80, 'cov_weighted': 1.0, 'cov_unweighted': 1.0, 'n_modes': 66, 'shots': 0, 'wall_s': 10.29}
{'n': 20, 'seed': 3, 'T_factor': 0.35, 'chain': 'portal-quench', 'n_atoms': 64, 'ess_total': 747.320988, 'ess_per_sec': 469.670923, 'ess_per_step': 0.009342, 'rhat': 1.041873, 'wall_s': 1.591159, 'acc_local': 0.111961, 'acc_portal': 0.0}
{'n': 20, 'seed': 3, 'T_factor': 0.35, 'chain': 'portal-solver', 'n_atoms': 48, 'ess_total': 599.578693, 'ess_per_sec': 396.782732, 'ess_per_step': 0.007495, 'rhat': 1.071868, 'wall_s': 1.511101, 'acc_local': 0.115207, 'acc_portal': 0.137712}
{'n': 20, 'seed': 3, 'T_factor': 0.35, 'chain': 'portal-pticm', 'n_atoms': 1024, 'ess_total': 339.418973, 'ess_per_sec': 128.530228, 'ess_per_step': 0.004243, 'rhat': 1.045868, 'wall_s': 2.640772, 'acc_local': 0.111757, 'acc_portal': 0.01136}
{'n': 20, 'seed': 3, 'T_factor': 0.35, 'chain': 'portal-greedy', 'n_atoms': 80, 'ess_total': 420.689674, 'ess_per_sec': 328.40231, 'ess_per_step': 0.005259, 'rhat': 1.004376, 'wall_s': 1.281019, 'acc_local': 0.110783, 'acc_portal': 0.051863}
{'n': 20, 'seed': 3, 'T_factor': 0.35, 'chain': 'local-MH', 'n_atoms': 0, 'ess_total': 543.653337, 'ess_per_sec': 780.54768, 'ess_per_step': 0.006796, 'rhat': 1.025107, 'wall_s': 0.696502, 'acc_local': 0.108787, 'acc_portal': 0.0}
{'n': 20, 'seed': 3, 'T_factor': 0.35, 'chain': 'PT-ICM', 'n_atoms': 0, 'ess_total': 549.798233, 'ess_per_sec': 522.188151, 'ess_per_step': 0.005727, 'rhat': 1.009934, 'wall_s': 1.052874, 'acc_local': -1, 'acc_portal': -1}
done
